// Jest Snapshot v1, https://goo.gl/fbAQLP

exports[`importEvent: should extract events from matomo visit actionsDetails and create insert queries 1`] = `
Array [
  Object {
    "action_eventaction": "Cart change",
    "action_eventcategory": "Ecommerce",
    "action_eventname": "added - Basic Wetsuit",
    "action_eventvalue": 1,
    "action_id": "124_0",
    "action_timespent": 48,
    "action_timestamp": "2021-08-20T21:35:18.000Z",
    "action_title": "Evènement",
    "action_type": "event",
    "action_url": "https://dive-shop.net/products/basic-wetsuit/",
    "actions": "2",
    "city": "Buenos Aires",
    "country": "Argentine",
    "dayssincefirstvisit": "23",
    "devicebrand": "Inconnu",
    "devicemodel": "Générique Bureau",
    "dimension1": "guest",
    "dimension10": "36",
    "dimension2": "julien",
    "dimension3": "page",
    "dimension4": "indonesia",
    "dimension5": "diving",
    "dimension6": "shop",
    "dimension7": "v1.2.3",
    "dimension8": "fr",
    "dimension9": "light",
    "idsite": "42",
    "idvisit": "124",
    "operatingsystemname": "Mac",
    "referrername": "referrerName",
    "referrertype": "referrerType",
    "region": "Buenos Aires",
    "serverdateprettyfirstaction": "2021-08-20T21:55:12.000Z",
    "siteSearchKeyword": undefined,
    "sitename": "tests",
    "usercustomdimensions": Object {
      "dimension1": "guest",
      "dimension10": "36",
      "dimension2": "julien",
      "dimension3": "page",
      "dimension4": "indonesia",
      "dimension5": "diving",
      "dimension6": "shop",
      "dimension7": "v1.2.3",
      "dimension8": "fr",
      "dimension9": "light",
    },
    "usercustomproperties": Object {
      "page-author": "Julien",
      "post-age": "-430 days",
    },
    "userid": "24",
    "visitduration": "300",
    "visitorid": "visitorId",
    "visitortype": "returningCustomer",
  },
  Object {
    "action_eventaction": undefined,
    "action_eventcategory": undefined,
    "action_eventname": undefined,
    "action_eventvalue": undefined,
    "action_id": "124_1",
    "action_timespent": "2",
    "action_timestamp": "2021-08-20T21:30:25.000Z",
    "action_title": "Divezone Brand Diving Boots - Divezone Store",
    "action_type": "action",
    "action_url": "https://dive-shop.net/products/diving-boots/",
    "actions": "2",
    "city": "Buenos Aires",
    "country": "Argentine",
    "dayssincefirstvisit": "23",
    "devicebrand": "Inconnu",
    "devicemodel": "Générique Bureau",
    "dimension1": "guest",
    "dimension10": "36",
    "dimension2": "julien",
    "dimension3": "page",
    "dimension4": "indonesia",
    "dimension5": "diving",
    "dimension6": "shop",
    "dimension7": "v1.2.3",
    "dimension8": "fr",
    "dimension9": "light",
    "idsite": "42",
    "idvisit": "124",
    "operatingsystemname": "Mac",
    "referrername": "referrerName",
    "referrertype": "referrerType",
    "region": "Buenos Aires",
    "serverdateprettyfirstaction": "2021-08-20T21:55:12.000Z",
    "siteSearchKeyword": undefined,
    "sitename": "tests",
    "usercustomdimensions": Object {
      "dimension1": "guest",
      "dimension10": "36",
      "dimension2": "julien",
      "dimension3": "page",
      "dimension4": "indonesia",
      "dimension5": "diving",
      "dimension6": "shop",
      "dimension7": "v1.2.3",
      "dimension8": "fr",
      "dimension9": "light",
    },
    "usercustomproperties": Object {},
    "userid": "24",
    "visitduration": "300",
    "visitorid": "visitorId",
    "visitortype": "returningCustomer",
  },
  Object {
    "action_eventaction": undefined,
    "action_eventcategory": undefined,
    "action_eventname": undefined,
    "action_eventvalue": undefined,
    "action_id": "124_2",
    "action_timespent": "2",
    "action_timestamp": "2021-08-20T21:30:22.000Z",
    "action_title": "Divezone Brand Diving Boots - Divezone Store",
    "action_type": "search",
    "action_url": "https://dive-shop.net/products/diving-boots/",
    "actions": "2",
    "city": "Buenos Aires",
    "country": "Argentine",
    "dayssincefirstvisit": "23",
    "devicebrand": "Inconnu",
    "devicemodel": "Générique Bureau",
    "dimension1": "guest",
    "dimension10": "36",
    "dimension2": "julien",
    "dimension3": "page",
    "dimension4": "indonesia",
    "dimension5": "diving",
    "dimension6": "shop",
    "dimension7": "v1.2.3",
    "dimension8": "fr",
    "dimension9": "light",
    "idsite": "42",
    "idvisit": "124",
    "operatingsystemname": "Mac",
    "referrername": "referrerName",
    "referrertype": "referrerType",
    "region": "Buenos Aires",
    "serverdateprettyfirstaction": "2021-08-20T21:55:12.000Z",
    "siteSearchKeyword": "scuba",
    "sitename": "tests",
    "usercustomdimensions": Object {
      "dimension1": "guest",
      "dimension10": "36",
      "dimension2": "julien",
      "dimension3": "page",
      "dimension4": "indonesia",
      "dimension5": "diving",
      "dimension6": "shop",
      "dimension7": "v1.2.3",
      "dimension8": "fr",
      "dimension9": "light",
    },
    "usercustomproperties": Object {},
    "userid": "24",
    "visitduration": "300",
    "visitorid": "visitorId",
    "visitortype": "returningCustomer",
  },
]
`;

exports[`importEvent: should extract events from matomo visit actionsDetails and create insert queries 2`] = `
Array [
  Array [
    "insert into matomo
        (idsite, idvisit, actions, country, region, city, operatingsystemname, devicemodel, devicebrand, visitduration, dayssincefirstvisit, visitortype, visitorid, referrertype, referrername, sitename, userid, serverdateprettyfirstaction, action_id, action_type, action_title, action_eventcategory, action_eventaction, action_eventname, action_eventvalue, action_timespent, action_timestamp, action_url, siteSearchKeyword, usercustomproperties, usercustomdimensions, dimension1, dimension2, dimension3, dimension4, dimension5, dimension6, dimension7, dimension8, dimension9, dimension10)
        values ($1, $2, $3, $4, $5, $6, $7, $8, $9, $10, $11, $12, $13, $14, $15, $16, $17, $18, $19, $20, $21, $22, $23, $24, $25, $26, $27, $28, $29, $30, $31, $32, $33, $34, $35, $36, $37, $38, $39, $40, $41)
        ON CONFLICT DO NOTHING",
    Array [
      "42",
      "124",
      "2",
      "Argentine",
      "Buenos Aires",
      "Buenos Aires",
      "Mac",
      "Générique Bureau",
      "Inconnu",
      "300",
      "23",
      "returningCustomer",
      "visitorId",
      "referrerType",
      "referrerName",
      "tests",
      "24",
      "2021-08-20T21:55:12.000Z",
      "124_0",
      "event",
      "Evènement",
      "Ecommerce",
      "Cart change",
      "added - Basic Wetsuit",
      1,
      48,
      "2021-08-20T21:35:18.000Z",
      "https://dive-shop.net/products/basic-wetsuit/",
      undefined,
      Object {
        "page-author": "Julien",
        "post-age": "-430 days",
      },
      Object {
        "dimension1": "guest",
        "dimension10": "36",
        "dimension2": "julien",
        "dimension3": "page",
        "dimension4": "indonesia",
        "dimension5": "diving",
        "dimension6": "shop",
        "dimension7": "v1.2.3",
        "dimension8": "fr",
        "dimension9": "light",
      },
      "guest",
      "julien",
      "page",
      "indonesia",
      "diving",
      "shop",
      "v1.2.3",
      "fr",
      "light",
      "36",
    ],
  ],
  Array [
    "insert into matomo
        (idsite, idvisit, actions, country, region, city, operatingsystemname, devicemodel, devicebrand, visitduration, dayssincefirstvisit, visitortype, visitorid, referrertype, referrername, sitename, userid, serverdateprettyfirstaction, action_id, action_type, action_title, action_eventcategory, action_eventaction, action_eventname, action_eventvalue, action_timespent, action_timestamp, action_url, siteSearchKeyword, usercustomproperties, usercustomdimensions, dimension1, dimension2, dimension3, dimension4, dimension5, dimension6, dimension7, dimension8, dimension9, dimension10)
        values ($1, $2, $3, $4, $5, $6, $7, $8, $9, $10, $11, $12, $13, $14, $15, $16, $17, $18, $19, $20, $21, $22, $23, $24, $25, $26, $27, $28, $29, $30, $31, $32, $33, $34, $35, $36, $37, $38, $39, $40, $41)
        ON CONFLICT DO NOTHING",
    Array [
      "42",
      "124",
      "2",
      "Argentine",
      "Buenos Aires",
      "Buenos Aires",
      "Mac",
      "Générique Bureau",
      "Inconnu",
      "300",
      "23",
      "returningCustomer",
      "visitorId",
      "referrerType",
      "referrerName",
      "tests",
      "24",
      "2021-08-20T21:55:12.000Z",
      "124_1",
      "action",
      "Divezone Brand Diving Boots - Divezone Store",
      undefined,
      undefined,
      undefined,
      undefined,
      "2",
      "2021-08-20T21:30:25.000Z",
      "https://dive-shop.net/products/diving-boots/",
      undefined,
      Object {},
      Object {
        "dimension1": "guest",
        "dimension10": "36",
        "dimension2": "julien",
        "dimension3": "page",
        "dimension4": "indonesia",
        "dimension5": "diving",
        "dimension6": "shop",
        "dimension7": "v1.2.3",
        "dimension8": "fr",
        "dimension9": "light",
      },
      "guest",
      "julien",
      "page",
      "indonesia",
      "diving",
      "shop",
      "v1.2.3",
      "fr",
      "light",
      "36",
    ],
  ],
  Array [
    "insert into matomo
        (idsite, idvisit, actions, country, region, city, operatingsystemname, devicemodel, devicebrand, visitduration, dayssincefirstvisit, visitortype, visitorid, referrertype, referrername, sitename, userid, serverdateprettyfirstaction, action_id, action_type, action_title, action_eventcategory, action_eventaction, action_eventname, action_eventvalue, action_timespent, action_timestamp, action_url, siteSearchKeyword, usercustomproperties, usercustomdimensions, dimension1, dimension2, dimension3, dimension4, dimension5, dimension6, dimension7, dimension8, dimension9, dimension10)
        values ($1, $2, $3, $4, $5, $6, $7, $8, $9, $10, $11, $12, $13, $14, $15, $16, $17, $18, $19, $20, $21, $22, $23, $24, $25, $26, $27, $28, $29, $30, $31, $32, $33, $34, $35, $36, $37, $38, $39, $40, $41)
        ON CONFLICT DO NOTHING",
    Array [
      "42",
      "124",
      "2",
      "Argentine",
      "Buenos Aires",
      "Buenos Aires",
      "Mac",
      "Générique Bureau",
      "Inconnu",
      "300",
      "23",
      "returningCustomer",
      "visitorId",
      "referrerType",
      "referrerName",
      "tests",
      "24",
      "2021-08-20T21:55:12.000Z",
      "124_2",
      "search",
      "Divezone Brand Diving Boots - Divezone Store",
      undefined,
      undefined,
      undefined,
      undefined,
      "2",
      "2021-08-20T21:30:22.000Z",
      "https://dive-shop.net/products/diving-boots/",
      "scuba",
      Object {},
      Object {
        "dimension1": "guest",
        "dimension10": "36",
        "dimension2": "julien",
        "dimension3": "page",
        "dimension4": "indonesia",
        "dimension5": "diving",
        "dimension6": "shop",
        "dimension7": "v1.2.3",
        "dimension8": "fr",
        "dimension9": "light",
      },
      "guest",
      "julien",
      "page",
      "indonesia",
      "diving",
      "shop",
      "v1.2.3",
      "fr",
      "light",
      "36",
    ],
  ],
]
`;
