// Jest Snapshot v1, https://goo.gl/fbAQLP

exports[`importDate: should paginate matomo API calls and produce 46 queries 3`] = `
[
  [
    "select count(distinct "idvisit") as "count" from "matomo" where date(timezone('UTC', action_timestamp)) = $1",
    [
      "2023-04-15",
    ],
  ],
  [
    "insert into "matomo" ("idsite", "actions", "country", "region", "city", "operatingsystemname", "devicemodel", "devicebrand", "visitduration", "dayssincefirstvisit", "visitortype", "visitorid", "referrertype", "referrername", "sitename", "userid", "resolution", "serverdateprettyfirstaction", "action_id", "action_type", "action_title", "action_eventcategory", "action_eventaction", "action_eventname", "action_eventvalue", "action_timespent", "action_timestamp", "action_url", "usercustomproperties", "usercustomdimensions", "dimension1", "dimension2", "dimension3", "dimension4", "dimension5", "dimension6", "dimension7", "dimension8", "dimension9", "dimension10") values ($1, $2, $3, $4, $5, $6, $7, $8, $9, $10, $11, $12, $13, $14, $15, $16, $17, $18, $19, $20, $21, $22, $23, $24, $25, $26, $27, $28, $29, $30, $31, $32, $33, $34, $35, $36, $37, $38, $39, $40) on conflict do nothing",
    [
      "42",
      "2",
      "Argentine",
      "Buenos Aires",
      "Buenos Aires",
      "Mac",
      "Générique Bureau",
      "Inconnu",
      "300",
      "23",
      "returningCustomer",
      "visitorId",
      "referrerType",
      "referrerName",
      "tests",
      "24",
      "1920x1080",
      "2021-08-20T21:55:12.000Z",
      "undefined_0",
      "event",
      "Evènement",
      "Ecommerce",
      "Cart change",
      "added - Basic Wetsuit",
      1,
      48,
      "2021-08-20T21:35:18.000Z",
      "https://dive-shop.net/products/basic-wetsuit/",
      {
        "page-author": "Julien",
        "post-age": "-430 days",
      },
      {
        "dimension1": "guest",
        "dimension10": "36",
        "dimension2": "julien",
        "dimension3": "page",
        "dimension4": "indonesia",
        "dimension5": "diving",
        "dimension6": "shop",
        "dimension7": "v1.2.3",
        "dimension8": "fr",
        "dimension9": "light",
      },
      "guest",
      "julien",
      "page",
      "indonesia",
      "diving",
      "shop",
      "v1.2.3",
      "fr",
      "light",
      "36",
    ],
  ],
  [
    "insert into "matomo" ("idsite", "actions", "country", "region", "city", "operatingsystemname", "devicemodel", "devicebrand", "visitduration", "dayssincefirstvisit", "visitortype", "visitorid", "referrertype", "referrername", "sitename", "userid", "resolution", "serverdateprettyfirstaction", "action_id", "action_type", "action_title", "action_timespent", "action_timestamp", "action_url", "usercustomproperties", "usercustomdimensions", "dimension1", "dimension2", "dimension3", "dimension4", "dimension5", "dimension6", "dimension7", "dimension8", "dimension9", "dimension10") values ($1, $2, $3, $4, $5, $6, $7, $8, $9, $10, $11, $12, $13, $14, $15, $16, $17, $18, $19, $20, $21, $22, $23, $24, $25, $26, $27, $28, $29, $30, $31, $32, $33, $34, $35, $36) on conflict do nothing",
    [
      "42",
      "2",
      "Argentine",
      "Buenos Aires",
      "Buenos Aires",
      "Mac",
      "Générique Bureau",
      "Inconnu",
      "300",
      "23",
      "returningCustomer",
      "visitorId",
      "referrerType",
      "referrerName",
      "tests",
      "24",
      "1920x1080",
      "2021-08-20T21:55:12.000Z",
      "undefined_1",
      "action",
      "Divezone Brand Diving Boots - Divezone Store",
      "2",
      "2021-08-20T21:30:25.000Z",
      "https://dive-shop.net/products/diving-boots/",
      {},
      {
        "dimension1": "guest",
        "dimension10": "36",
        "dimension2": "julien",
        "dimension3": "page",
        "dimension4": "indonesia",
        "dimension5": "diving",
        "dimension6": "shop",
        "dimension7": "v1.2.3",
        "dimension8": "fr",
        "dimension9": "light",
      },
      "guest",
      "julien",
      "page",
      "indonesia",
      "diving",
      "shop",
      "v1.2.3",
      "fr",
      "light",
      "36",
    ],
  ],
  [
    "insert into "matomo" ("idsite", "actions", "country", "region", "city", "operatingsystemname", "devicemodel", "devicebrand", "visitduration", "dayssincefirstvisit", "visitortype", "visitorid", "referrertype", "referrername", "sitename", "userid", "resolution", "serverdateprettyfirstaction", "action_id", "action_type", "action_title", "action_timespent", "action_timestamp", "action_url", "sitesearchkeyword", "usercustomproperties", "usercustomdimensions", "dimension1", "dimension2", "dimension3", "dimension4", "dimension5", "dimension6", "dimension7", "dimension8", "dimension9", "dimension10") values ($1, $2, $3, $4, $5, $6, $7, $8, $9, $10, $11, $12, $13, $14, $15, $16, $17, $18, $19, $20, $21, $22, $23, $24, $25, $26, $27, $28, $29, $30, $31, $32, $33, $34, $35, $36, $37) on conflict do nothing",
    [
      "42",
      "2",
      "Argentine",
      "Buenos Aires",
      "Buenos Aires",
      "Mac",
      "Générique Bureau",
      "Inconnu",
      "300",
      "23",
      "returningCustomer",
      "visitorId",
      "referrerType",
      "referrerName",
      "tests",
      "24",
      "1920x1080",
      "2021-08-20T21:55:12.000Z",
      "undefined_2",
      "search",
      "Divezone Brand Diving Boots - Divezone Store",
      "2",
      "2021-08-20T21:30:22.000Z",
      "https://dive-shop.net/products/diving-boots/",
      "scuba",
      {},
      {
        "dimension1": "guest",
        "dimension10": "36",
        "dimension2": "julien",
        "dimension3": "page",
        "dimension4": "indonesia",
        "dimension5": "diving",
        "dimension6": "shop",
        "dimension7": "v1.2.3",
        "dimension8": "fr",
        "dimension9": "light",
      },
      "guest",
      "julien",
      "page",
      "indonesia",
      "diving",
      "shop",
      "v1.2.3",
      "fr",
      "light",
      "36",
    ],
  ],
  [
    "insert into "matomo" ("idsite", "actions", "country", "region", "city", "operatingsystemname", "devicemodel", "devicebrand", "visitduration", "dayssincefirstvisit", "visitortype", "visitorid", "referrertype", "referrername", "sitename", "userid", "resolution", "serverdateprettyfirstaction", "action_id", "action_type", "action_title", "action_eventcategory", "action_eventaction", "action_eventname", "action_eventvalue", "action_timespent", "action_timestamp", "action_url", "usercustomproperties", "usercustomdimensions", "dimension1", "dimension2", "dimension3", "dimension4", "dimension5", "dimension6", "dimension7", "dimension8", "dimension9", "dimension10") values ($1, $2, $3, $4, $5, $6, $7, $8, $9, $10, $11, $12, $13, $14, $15, $16, $17, $18, $19, $20, $21, $22, $23, $24, $25, $26, $27, $28, $29, $30, $31, $32, $33, $34, $35, $36, $37, $38, $39, $40) on conflict do nothing",
    [
      "42",
      "2",
      "Argentine",
      "Buenos Aires",
      "Buenos Aires",
      "Mac",
      "Générique Bureau",
      "Inconnu",
      "300",
      "23",
      "returningCustomer",
      "visitorId",
      "referrerType",
      "referrerName",
      "tests",
      "24",
      "1920x1080",
      "2021-08-20T21:55:12.000Z",
      "undefined_0",
      "event",
      "Evènement",
      "Ecommerce",
      "Cart change",
      "added - Basic Wetsuit",
      1,
      48,
      "2021-08-20T21:35:18.000Z",
      "https://dive-shop.net/products/basic-wetsuit/",
      {
        "page-author": "Julien",
        "post-age": "-430 days",
      },
      {
        "dimension1": "guest",
        "dimension10": "36",
        "dimension2": "julien",
        "dimension3": "page",
        "dimension4": "indonesia",
        "dimension5": "diving",
        "dimension6": "shop",
        "dimension7": "v1.2.3",
        "dimension8": "fr",
        "dimension9": "light",
      },
      "guest",
      "julien",
      "page",
      "indonesia",
      "diving",
      "shop",
      "v1.2.3",
      "fr",
      "light",
      "36",
    ],
  ],
  [
    "insert into "matomo" ("idsite", "actions", "country", "region", "city", "operatingsystemname", "devicemodel", "devicebrand", "visitduration", "dayssincefirstvisit", "visitortype", "visitorid", "referrertype", "referrername", "sitename", "userid", "resolution", "serverdateprettyfirstaction", "action_id", "action_type", "action_title", "action_timespent", "action_timestamp", "action_url", "usercustomproperties", "usercustomdimensions", "dimension1", "dimension2", "dimension3", "dimension4", "dimension5", "dimension6", "dimension7", "dimension8", "dimension9", "dimension10") values ($1, $2, $3, $4, $5, $6, $7, $8, $9, $10, $11, $12, $13, $14, $15, $16, $17, $18, $19, $20, $21, $22, $23, $24, $25, $26, $27, $28, $29, $30, $31, $32, $33, $34, $35, $36) on conflict do nothing",
    [
      "42",
      "2",
      "Argentine",
      "Buenos Aires",
      "Buenos Aires",
      "Mac",
      "Générique Bureau",
      "Inconnu",
      "300",
      "23",
      "returningCustomer",
      "visitorId",
      "referrerType",
      "referrerName",
      "tests",
      "24",
      "1920x1080",
      "2021-08-20T21:55:12.000Z",
      "undefined_1",
      "action",
      "Divezone Brand Diving Boots - Divezone Store",
      "2",
      "2021-08-20T21:30:25.000Z",
      "https://dive-shop.net/products/diving-boots/",
      {},
      {
        "dimension1": "guest",
        "dimension10": "36",
        "dimension2": "julien",
        "dimension3": "page",
        "dimension4": "indonesia",
        "dimension5": "diving",
        "dimension6": "shop",
        "dimension7": "v1.2.3",
        "dimension8": "fr",
        "dimension9": "light",
      },
      "guest",
      "julien",
      "page",
      "indonesia",
      "diving",
      "shop",
      "v1.2.3",
      "fr",
      "light",
      "36",
    ],
  ],
  [
    "insert into "matomo" ("idsite", "actions", "country", "region", "city", "operatingsystemname", "devicemodel", "devicebrand", "visitduration", "dayssincefirstvisit", "visitortype", "visitorid", "referrertype", "referrername", "sitename", "userid", "resolution", "serverdateprettyfirstaction", "action_id", "action_type", "action_title", "action_timespent", "action_timestamp", "action_url", "sitesearchkeyword", "usercustomproperties", "usercustomdimensions", "dimension1", "dimension2", "dimension3", "dimension4", "dimension5", "dimension6", "dimension7", "dimension8", "dimension9", "dimension10") values ($1, $2, $3, $4, $5, $6, $7, $8, $9, $10, $11, $12, $13, $14, $15, $16, $17, $18, $19, $20, $21, $22, $23, $24, $25, $26, $27, $28, $29, $30, $31, $32, $33, $34, $35, $36, $37) on conflict do nothing",
    [
      "42",
      "2",
      "Argentine",
      "Buenos Aires",
      "Buenos Aires",
      "Mac",
      "Générique Bureau",
      "Inconnu",
      "300",
      "23",
      "returningCustomer",
      "visitorId",
      "referrerType",
      "referrerName",
      "tests",
      "24",
      "1920x1080",
      "2021-08-20T21:55:12.000Z",
      "undefined_2",
      "search",
      "Divezone Brand Diving Boots - Divezone Store",
      "2",
      "2021-08-20T21:30:22.000Z",
      "https://dive-shop.net/products/diving-boots/",
      "scuba",
      {},
      {
        "dimension1": "guest",
        "dimension10": "36",
        "dimension2": "julien",
        "dimension3": "page",
        "dimension4": "indonesia",
        "dimension5": "diving",
        "dimension6": "shop",
        "dimension7": "v1.2.3",
        "dimension8": "fr",
        "dimension9": "light",
      },
      "guest",
      "julien",
      "page",
      "indonesia",
      "diving",
      "shop",
      "v1.2.3",
      "fr",
      "light",
      "36",
    ],
  ],
  [
    "insert into "matomo" ("idsite", "actions", "country", "region", "city", "operatingsystemname", "devicemodel", "devicebrand", "visitduration", "dayssincefirstvisit", "visitortype", "visitorid", "referrertype", "referrername", "sitename", "userid", "resolution", "serverdateprettyfirstaction", "action_id", "action_type", "action_title", "action_eventcategory", "action_eventaction", "action_eventname", "action_eventvalue", "action_timespent", "action_timestamp", "action_url", "usercustomproperties", "usercustomdimensions", "dimension1", "dimension2", "dimension3", "dimension4", "dimension5", "dimension6", "dimension7", "dimension8", "dimension9", "dimension10") values ($1, $2, $3, $4, $5, $6, $7, $8, $9, $10, $11, $12, $13, $14, $15, $16, $17, $18, $19, $20, $21, $22, $23, $24, $25, $26, $27, $28, $29, $30, $31, $32, $33, $34, $35, $36, $37, $38, $39, $40) on conflict do nothing",
    [
      "42",
      "2",
      "Argentine",
      "Buenos Aires",
      "Buenos Aires",
      "Mac",
      "Générique Bureau",
      "Inconnu",
      "300",
      "23",
      "returningCustomer",
      "visitorId",
      "referrerType",
      "referrerName",
      "tests",
      "24",
      "1920x1080",
      "2021-08-20T21:55:12.000Z",
      "undefined_0",
      "event",
      "Evènement",
      "Ecommerce",
      "Cart change",
      "added - Basic Wetsuit",
      1,
      48,
      "2021-08-20T21:35:18.000Z",
      "https://dive-shop.net/products/basic-wetsuit/",
      {
        "page-author": "Julien",
        "post-age": "-430 days",
      },
      {
        "dimension1": "guest",
        "dimension10": "36",
        "dimension2": "julien",
        "dimension3": "page",
        "dimension4": "indonesia",
        "dimension5": "diving",
        "dimension6": "shop",
        "dimension7": "v1.2.3",
        "dimension8": "fr",
        "dimension9": "light",
      },
      "guest",
      "julien",
      "page",
      "indonesia",
      "diving",
      "shop",
      "v1.2.3",
      "fr",
      "light",
      "36",
    ],
  ],
  [
    "insert into "matomo" ("idsite", "actions", "country", "region", "city", "operatingsystemname", "devicemodel", "devicebrand", "visitduration", "dayssincefirstvisit", "visitortype", "visitorid", "referrertype", "referrername", "sitename", "userid", "resolution", "serverdateprettyfirstaction", "action_id", "action_type", "action_title", "action_timespent", "action_timestamp", "action_url", "usercustomproperties", "usercustomdimensions", "dimension1", "dimension2", "dimension3", "dimension4", "dimension5", "dimension6", "dimension7", "dimension8", "dimension9", "dimension10") values ($1, $2, $3, $4, $5, $6, $7, $8, $9, $10, $11, $12, $13, $14, $15, $16, $17, $18, $19, $20, $21, $22, $23, $24, $25, $26, $27, $28, $29, $30, $31, $32, $33, $34, $35, $36) on conflict do nothing",
    [
      "42",
      "2",
      "Argentine",
      "Buenos Aires",
      "Buenos Aires",
      "Mac",
      "Générique Bureau",
      "Inconnu",
      "300",
      "23",
      "returningCustomer",
      "visitorId",
      "referrerType",
      "referrerName",
      "tests",
      "24",
      "1920x1080",
      "2021-08-20T21:55:12.000Z",
      "undefined_1",
      "action",
      "Divezone Brand Diving Boots - Divezone Store",
      "2",
      "2021-08-20T21:30:25.000Z",
      "https://dive-shop.net/products/diving-boots/",
      {},
      {
        "dimension1": "guest",
        "dimension10": "36",
        "dimension2": "julien",
        "dimension3": "page",
        "dimension4": "indonesia",
        "dimension5": "diving",
        "dimension6": "shop",
        "dimension7": "v1.2.3",
        "dimension8": "fr",
        "dimension9": "light",
      },
      "guest",
      "julien",
      "page",
      "indonesia",
      "diving",
      "shop",
      "v1.2.3",
      "fr",
      "light",
      "36",
    ],
  ],
  [
    "insert into "matomo" ("idsite", "actions", "country", "region", "city", "operatingsystemname", "devicemodel", "devicebrand", "visitduration", "dayssincefirstvisit", "visitortype", "visitorid", "referrertype", "referrername", "sitename", "userid", "resolution", "serverdateprettyfirstaction", "action_id", "action_type", "action_title", "action_timespent", "action_timestamp", "action_url", "sitesearchkeyword", "usercustomproperties", "usercustomdimensions", "dimension1", "dimension2", "dimension3", "dimension4", "dimension5", "dimension6", "dimension7", "dimension8", "dimension9", "dimension10") values ($1, $2, $3, $4, $5, $6, $7, $8, $9, $10, $11, $12, $13, $14, $15, $16, $17, $18, $19, $20, $21, $22, $23, $24, $25, $26, $27, $28, $29, $30, $31, $32, $33, $34, $35, $36, $37) on conflict do nothing",
    [
      "42",
      "2",
      "Argentine",
      "Buenos Aires",
      "Buenos Aires",
      "Mac",
      "Générique Bureau",
      "Inconnu",
      "300",
      "23",
      "returningCustomer",
      "visitorId",
      "referrerType",
      "referrerName",
      "tests",
      "24",
      "1920x1080",
      "2021-08-20T21:55:12.000Z",
      "undefined_2",
      "search",
      "Divezone Brand Diving Boots - Divezone Store",
      "2",
      "2021-08-20T21:30:22.000Z",
      "https://dive-shop.net/products/diving-boots/",
      "scuba",
      {},
      {
        "dimension1": "guest",
        "dimension10": "36",
        "dimension2": "julien",
        "dimension3": "page",
        "dimension4": "indonesia",
        "dimension5": "diving",
        "dimension6": "shop",
        "dimension7": "v1.2.3",
        "dimension8": "fr",
        "dimension9": "light",
      },
      "guest",
      "julien",
      "page",
      "indonesia",
      "diving",
      "shop",
      "v1.2.3",
      "fr",
      "light",
      "36",
    ],
  ],
  [
    "insert into "matomo" ("idsite", "actions", "country", "region", "city", "operatingsystemname", "devicemodel", "devicebrand", "visitduration", "dayssincefirstvisit", "visitortype", "visitorid", "referrertype", "referrername", "sitename", "userid", "resolution", "serverdateprettyfirstaction", "action_id", "action_type", "action_title", "action_eventcategory", "action_eventaction", "action_eventname", "action_eventvalue", "action_timespent", "action_timestamp", "action_url", "usercustomproperties", "usercustomdimensions", "dimension1", "dimension2", "dimension3", "dimension4", "dimension5", "dimension6", "dimension7", "dimension8", "dimension9", "dimension10") values ($1, $2, $3, $4, $5, $6, $7, $8, $9, $10, $11, $12, $13, $14, $15, $16, $17, $18, $19, $20, $21, $22, $23, $24, $25, $26, $27, $28, $29, $30, $31, $32, $33, $34, $35, $36, $37, $38, $39, $40) on conflict do nothing",
    [
      "42",
      "2",
      "Argentine",
      "Buenos Aires",
      "Buenos Aires",
      "Mac",
      "Générique Bureau",
      "Inconnu",
      "300",
      "23",
      "returningCustomer",
      "visitorId",
      "referrerType",
      "referrerName",
      "tests",
      "24",
      "1920x1080",
      "2021-08-20T21:55:12.000Z",
      "undefined_0",
      "event",
      "Evènement",
      "Ecommerce",
      "Cart change",
      "added - Basic Wetsuit",
      1,
      48,
      "2021-08-20T21:35:18.000Z",
      "https://dive-shop.net/products/basic-wetsuit/",
      {
        "page-author": "Julien",
        "post-age": "-430 days",
      },
      {
        "dimension1": "guest",
        "dimension10": "36",
        "dimension2": "julien",
        "dimension3": "page",
        "dimension4": "indonesia",
        "dimension5": "diving",
        "dimension6": "shop",
        "dimension7": "v1.2.3",
        "dimension8": "fr",
        "dimension9": "light",
      },
      "guest",
      "julien",
      "page",
      "indonesia",
      "diving",
      "shop",
      "v1.2.3",
      "fr",
      "light",
      "36",
    ],
  ],
  [
    "insert into "matomo" ("idsite", "actions", "country", "region", "city", "operatingsystemname", "devicemodel", "devicebrand", "visitduration", "dayssincefirstvisit", "visitortype", "visitorid", "referrertype", "referrername", "sitename", "userid", "resolution", "serverdateprettyfirstaction", "action_id", "action_type", "action_title", "action_timespent", "action_timestamp", "action_url", "usercustomproperties", "usercustomdimensions", "dimension1", "dimension2", "dimension3", "dimension4", "dimension5", "dimension6", "dimension7", "dimension8", "dimension9", "dimension10") values ($1, $2, $3, $4, $5, $6, $7, $8, $9, $10, $11, $12, $13, $14, $15, $16, $17, $18, $19, $20, $21, $22, $23, $24, $25, $26, $27, $28, $29, $30, $31, $32, $33, $34, $35, $36) on conflict do nothing",
    [
      "42",
      "2",
      "Argentine",
      "Buenos Aires",
      "Buenos Aires",
      "Mac",
      "Générique Bureau",
      "Inconnu",
      "300",
      "23",
      "returningCustomer",
      "visitorId",
      "referrerType",
      "referrerName",
      "tests",
      "24",
      "1920x1080",
      "2021-08-20T21:55:12.000Z",
      "undefined_1",
      "action",
      "Divezone Brand Diving Boots - Divezone Store",
      "2",
      "2021-08-20T21:30:25.000Z",
      "https://dive-shop.net/products/diving-boots/",
      {},
      {
        "dimension1": "guest",
        "dimension10": "36",
        "dimension2": "julien",
        "dimension3": "page",
        "dimension4": "indonesia",
        "dimension5": "diving",
        "dimension6": "shop",
        "dimension7": "v1.2.3",
        "dimension8": "fr",
        "dimension9": "light",
      },
      "guest",
      "julien",
      "page",
      "indonesia",
      "diving",
      "shop",
      "v1.2.3",
      "fr",
      "light",
      "36",
    ],
  ],
  [
    "insert into "matomo" ("idsite", "actions", "country", "region", "city", "operatingsystemname", "devicemodel", "devicebrand", "visitduration", "dayssincefirstvisit", "visitortype", "visitorid", "referrertype", "referrername", "sitename", "userid", "resolution", "serverdateprettyfirstaction", "action_id", "action_type", "action_title", "action_timespent", "action_timestamp", "action_url", "sitesearchkeyword", "usercustomproperties", "usercustomdimensions", "dimension1", "dimension2", "dimension3", "dimension4", "dimension5", "dimension6", "dimension7", "dimension8", "dimension9", "dimension10") values ($1, $2, $3, $4, $5, $6, $7, $8, $9, $10, $11, $12, $13, $14, $15, $16, $17, $18, $19, $20, $21, $22, $23, $24, $25, $26, $27, $28, $29, $30, $31, $32, $33, $34, $35, $36, $37) on conflict do nothing",
    [
      "42",
      "2",
      "Argentine",
      "Buenos Aires",
      "Buenos Aires",
      "Mac",
      "Générique Bureau",
      "Inconnu",
      "300",
      "23",
      "returningCustomer",
      "visitorId",
      "referrerType",
      "referrerName",
      "tests",
      "24",
      "1920x1080",
      "2021-08-20T21:55:12.000Z",
      "undefined_2",
      "search",
      "Divezone Brand Diving Boots - Divezone Store",
      "2",
      "2021-08-20T21:30:22.000Z",
      "https://dive-shop.net/products/diving-boots/",
      "scuba",
      {},
      {
        "dimension1": "guest",
        "dimension10": "36",
        "dimension2": "julien",
        "dimension3": "page",
        "dimension4": "indonesia",
        "dimension5": "diving",
        "dimension6": "shop",
        "dimension7": "v1.2.3",
        "dimension8": "fr",
        "dimension9": "light",
      },
      "guest",
      "julien",
      "page",
      "indonesia",
      "diving",
      "shop",
      "v1.2.3",
      "fr",
      "light",
      "36",
    ],
  ],
  [
    "insert into "matomo" ("idsite", "actions", "country", "region", "city", "operatingsystemname", "devicemodel", "devicebrand", "visitduration", "dayssincefirstvisit", "visitortype", "visitorid", "referrertype", "referrername", "sitename", "userid", "resolution", "serverdateprettyfirstaction", "action_id", "action_type", "action_title", "action_eventcategory", "action_eventaction", "action_eventname", "action_eventvalue", "action_timespent", "action_timestamp", "action_url", "usercustomproperties", "usercustomdimensions", "dimension1", "dimension2", "dimension3", "dimension4", "dimension5", "dimension6", "dimension7", "dimension8", "dimension9", "dimension10") values ($1, $2, $3, $4, $5, $6, $7, $8, $9, $10, $11, $12, $13, $14, $15, $16, $17, $18, $19, $20, $21, $22, $23, $24, $25, $26, $27, $28, $29, $30, $31, $32, $33, $34, $35, $36, $37, $38, $39, $40) on conflict do nothing",
    [
      "42",
      "2",
      "Argentine",
      "Buenos Aires",
      "Buenos Aires",
      "Mac",
      "Générique Bureau",
      "Inconnu",
      "300",
      "23",
      "returningCustomer",
      "visitorId",
      "referrerType",
      "referrerName",
      "tests",
      "24",
      "1920x1080",
      "2021-08-20T21:55:12.000Z",
      "undefined_0",
      "event",
      "Evènement",
      "Ecommerce",
      "Cart change",
      "added - Basic Wetsuit",
      1,
      48,
      "2021-08-20T21:35:18.000Z",
      "https://dive-shop.net/products/basic-wetsuit/",
      {
        "page-author": "Julien",
        "post-age": "-430 days",
      },
      {
        "dimension1": "guest",
        "dimension10": "36",
        "dimension2": "julien",
        "dimension3": "page",
        "dimension4": "indonesia",
        "dimension5": "diving",
        "dimension6": "shop",
        "dimension7": "v1.2.3",
        "dimension8": "fr",
        "dimension9": "light",
      },
      "guest",
      "julien",
      "page",
      "indonesia",
      "diving",
      "shop",
      "v1.2.3",
      "fr",
      "light",
      "36",
    ],
  ],
  [
    "insert into "matomo" ("idsite", "actions", "country", "region", "city", "operatingsystemname", "devicemodel", "devicebrand", "visitduration", "dayssincefirstvisit", "visitortype", "visitorid", "referrertype", "referrername", "sitename", "userid", "resolution", "serverdateprettyfirstaction", "action_id", "action_type", "action_title", "action_timespent", "action_timestamp", "action_url", "usercustomproperties", "usercustomdimensions", "dimension1", "dimension2", "dimension3", "dimension4", "dimension5", "dimension6", "dimension7", "dimension8", "dimension9", "dimension10") values ($1, $2, $3, $4, $5, $6, $7, $8, $9, $10, $11, $12, $13, $14, $15, $16, $17, $18, $19, $20, $21, $22, $23, $24, $25, $26, $27, $28, $29, $30, $31, $32, $33, $34, $35, $36) on conflict do nothing",
    [
      "42",
      "2",
      "Argentine",
      "Buenos Aires",
      "Buenos Aires",
      "Mac",
      "Générique Bureau",
      "Inconnu",
      "300",
      "23",
      "returningCustomer",
      "visitorId",
      "referrerType",
      "referrerName",
      "tests",
      "24",
      "1920x1080",
      "2021-08-20T21:55:12.000Z",
      "undefined_1",
      "action",
      "Divezone Brand Diving Boots - Divezone Store",
      "2",
      "2021-08-20T21:30:25.000Z",
      "https://dive-shop.net/products/diving-boots/",
      {},
      {
        "dimension1": "guest",
        "dimension10": "36",
        "dimension2": "julien",
        "dimension3": "page",
        "dimension4": "indonesia",
        "dimension5": "diving",
        "dimension6": "shop",
        "dimension7": "v1.2.3",
        "dimension8": "fr",
        "dimension9": "light",
      },
      "guest",
      "julien",
      "page",
      "indonesia",
      "diving",
      "shop",
      "v1.2.3",
      "fr",
      "light",
      "36",
    ],
  ],
  [
    "insert into "matomo" ("idsite", "actions", "country", "region", "city", "operatingsystemname", "devicemodel", "devicebrand", "visitduration", "dayssincefirstvisit", "visitortype", "visitorid", "referrertype", "referrername", "sitename", "userid", "resolution", "serverdateprettyfirstaction", "action_id", "action_type", "action_title", "action_timespent", "action_timestamp", "action_url", "sitesearchkeyword", "usercustomproperties", "usercustomdimensions", "dimension1", "dimension2", "dimension3", "dimension4", "dimension5", "dimension6", "dimension7", "dimension8", "dimension9", "dimension10") values ($1, $2, $3, $4, $5, $6, $7, $8, $9, $10, $11, $12, $13, $14, $15, $16, $17, $18, $19, $20, $21, $22, $23, $24, $25, $26, $27, $28, $29, $30, $31, $32, $33, $34, $35, $36, $37) on conflict do nothing",
    [
      "42",
      "2",
      "Argentine",
      "Buenos Aires",
      "Buenos Aires",
      "Mac",
      "Générique Bureau",
      "Inconnu",
      "300",
      "23",
      "returningCustomer",
      "visitorId",
      "referrerType",
      "referrerName",
      "tests",
      "24",
      "1920x1080",
      "2021-08-20T21:55:12.000Z",
      "undefined_2",
      "search",
      "Divezone Brand Diving Boots - Divezone Store",
      "2",
      "2021-08-20T21:30:22.000Z",
      "https://dive-shop.net/products/diving-boots/",
      "scuba",
      {},
      {
        "dimension1": "guest",
        "dimension10": "36",
        "dimension2": "julien",
        "dimension3": "page",
        "dimension4": "indonesia",
        "dimension5": "diving",
        "dimension6": "shop",
        "dimension7": "v1.2.3",
        "dimension8": "fr",
        "dimension9": "light",
      },
      "guest",
      "julien",
      "page",
      "indonesia",
      "diving",
      "shop",
      "v1.2.3",
      "fr",
      "light",
      "36",
    ],
  ],
  [
    "insert into "matomo" ("idsite", "actions", "country", "region", "city", "operatingsystemname", "devicemodel", "devicebrand", "visitduration", "dayssincefirstvisit", "visitortype", "visitorid", "referrertype", "referrername", "sitename", "userid", "resolution", "serverdateprettyfirstaction", "action_id", "action_type", "action_title", "action_eventcategory", "action_eventaction", "action_eventname", "action_eventvalue", "action_timespent", "action_timestamp", "action_url", "usercustomproperties", "usercustomdimensions", "dimension1", "dimension2", "dimension3", "dimension4", "dimension5", "dimension6", "dimension7", "dimension8", "dimension9", "dimension10") values ($1, $2, $3, $4, $5, $6, $7, $8, $9, $10, $11, $12, $13, $14, $15, $16, $17, $18, $19, $20, $21, $22, $23, $24, $25, $26, $27, $28, $29, $30, $31, $32, $33, $34, $35, $36, $37, $38, $39, $40) on conflict do nothing",
    [
      "42",
      "2",
      "Argentine",
      "Buenos Aires",
      "Buenos Aires",
      "Mac",
      "Générique Bureau",
      "Inconnu",
      "300",
      "23",
      "returningCustomer",
      "visitorId",
      "referrerType",
      "referrerName",
      "tests",
      "24",
      "1920x1080",
      "2021-08-20T21:55:12.000Z",
      "undefined_0",
      "event",
      "Evènement",
      "Ecommerce",
      "Cart change",
      "added - Basic Wetsuit",
      1,
      48,
      "2021-08-20T21:35:18.000Z",
      "https://dive-shop.net/products/basic-wetsuit/",
      {
        "page-author": "Julien",
        "post-age": "-430 days",
      },
      {
        "dimension1": "guest",
        "dimension10": "36",
        "dimension2": "julien",
        "dimension3": "page",
        "dimension4": "indonesia",
        "dimension5": "diving",
        "dimension6": "shop",
        "dimension7": "v1.2.3",
        "dimension8": "fr",
        "dimension9": "light",
      },
      "guest",
      "julien",
      "page",
      "indonesia",
      "diving",
      "shop",
      "v1.2.3",
      "fr",
      "light",
      "36",
    ],
  ],
  [
    "insert into "matomo" ("idsite", "actions", "country", "region", "city", "operatingsystemname", "devicemodel", "devicebrand", "visitduration", "dayssincefirstvisit", "visitortype", "visitorid", "referrertype", "referrername", "sitename", "userid", "resolution", "serverdateprettyfirstaction", "action_id", "action_type", "action_title", "action_timespent", "action_timestamp", "action_url", "usercustomproperties", "usercustomdimensions", "dimension1", "dimension2", "dimension3", "dimension4", "dimension5", "dimension6", "dimension7", "dimension8", "dimension9", "dimension10") values ($1, $2, $3, $4, $5, $6, $7, $8, $9, $10, $11, $12, $13, $14, $15, $16, $17, $18, $19, $20, $21, $22, $23, $24, $25, $26, $27, $28, $29, $30, $31, $32, $33, $34, $35, $36) on conflict do nothing",
    [
      "42",
      "2",
      "Argentine",
      "Buenos Aires",
      "Buenos Aires",
      "Mac",
      "Générique Bureau",
      "Inconnu",
      "300",
      "23",
      "returningCustomer",
      "visitorId",
      "referrerType",
      "referrerName",
      "tests",
      "24",
      "1920x1080",
      "2021-08-20T21:55:12.000Z",
      "undefined_1",
      "action",
      "Divezone Brand Diving Boots - Divezone Store",
      "2",
      "2021-08-20T21:30:25.000Z",
      "https://dive-shop.net/products/diving-boots/",
      {},
      {
        "dimension1": "guest",
        "dimension10": "36",
        "dimension2": "julien",
        "dimension3": "page",
        "dimension4": "indonesia",
        "dimension5": "diving",
        "dimension6": "shop",
        "dimension7": "v1.2.3",
        "dimension8": "fr",
        "dimension9": "light",
      },
      "guest",
      "julien",
      "page",
      "indonesia",
      "diving",
      "shop",
      "v1.2.3",
      "fr",
      "light",
      "36",
    ],
  ],
  [
    "insert into "matomo" ("idsite", "actions", "country", "region", "city", "operatingsystemname", "devicemodel", "devicebrand", "visitduration", "dayssincefirstvisit", "visitortype", "visitorid", "referrertype", "referrername", "sitename", "userid", "resolution", "serverdateprettyfirstaction", "action_id", "action_type", "action_title", "action_timespent", "action_timestamp", "action_url", "sitesearchkeyword", "usercustomproperties", "usercustomdimensions", "dimension1", "dimension2", "dimension3", "dimension4", "dimension5", "dimension6", "dimension7", "dimension8", "dimension9", "dimension10") values ($1, $2, $3, $4, $5, $6, $7, $8, $9, $10, $11, $12, $13, $14, $15, $16, $17, $18, $19, $20, $21, $22, $23, $24, $25, $26, $27, $28, $29, $30, $31, $32, $33, $34, $35, $36, $37) on conflict do nothing",
    [
      "42",
      "2",
      "Argentine",
      "Buenos Aires",
      "Buenos Aires",
      "Mac",
      "Générique Bureau",
      "Inconnu",
      "300",
      "23",
      "returningCustomer",
      "visitorId",
      "referrerType",
      "referrerName",
      "tests",
      "24",
      "1920x1080",
      "2021-08-20T21:55:12.000Z",
      "undefined_2",
      "search",
      "Divezone Brand Diving Boots - Divezone Store",
      "2",
      "2021-08-20T21:30:22.000Z",
      "https://dive-shop.net/products/diving-boots/",
      "scuba",
      {},
      {
        "dimension1": "guest",
        "dimension10": "36",
        "dimension2": "julien",
        "dimension3": "page",
        "dimension4": "indonesia",
        "dimension5": "diving",
        "dimension6": "shop",
        "dimension7": "v1.2.3",
        "dimension8": "fr",
        "dimension9": "light",
      },
      "guest",
      "julien",
      "page",
      "indonesia",
      "diving",
      "shop",
      "v1.2.3",
      "fr",
      "light",
      "36",
    ],
  ],
  [
    "insert into "matomo" ("idsite", "actions", "country", "region", "city", "operatingsystemname", "devicemodel", "devicebrand", "visitduration", "dayssincefirstvisit", "visitortype", "visitorid", "referrertype", "referrername", "sitename", "userid", "resolution", "serverdateprettyfirstaction", "action_id", "action_type", "action_title", "action_eventcategory", "action_eventaction", "action_eventname", "action_eventvalue", "action_timespent", "action_timestamp", "action_url", "usercustomproperties", "usercustomdimensions", "dimension1", "dimension2", "dimension3", "dimension4", "dimension5", "dimension6", "dimension7", "dimension8", "dimension9", "dimension10") values ($1, $2, $3, $4, $5, $6, $7, $8, $9, $10, $11, $12, $13, $14, $15, $16, $17, $18, $19, $20, $21, $22, $23, $24, $25, $26, $27, $28, $29, $30, $31, $32, $33, $34, $35, $36, $37, $38, $39, $40) on conflict do nothing",
    [
      "42",
      "2",
      "Argentine",
      "Buenos Aires",
      "Buenos Aires",
      "Mac",
      "Générique Bureau",
      "Inconnu",
      "300",
      "23",
      "returningCustomer",
      "visitorId",
      "referrerType",
      "referrerName",
      "tests",
      "24",
      "1920x1080",
      "2021-08-20T21:55:12.000Z",
      "undefined_0",
      "event",
      "Evènement",
      "Ecommerce",
      "Cart change",
      "added - Basic Wetsuit",
      1,
      48,
      "2021-08-20T21:35:18.000Z",
      "https://dive-shop.net/products/basic-wetsuit/",
      {
        "page-author": "Julien",
        "post-age": "-430 days",
      },
      {
        "dimension1": "guest",
        "dimension10": "36",
        "dimension2": "julien",
        "dimension3": "page",
        "dimension4": "indonesia",
        "dimension5": "diving",
        "dimension6": "shop",
        "dimension7": "v1.2.3",
        "dimension8": "fr",
        "dimension9": "light",
      },
      "guest",
      "julien",
      "page",
      "indonesia",
      "diving",
      "shop",
      "v1.2.3",
      "fr",
      "light",
      "36",
    ],
  ],
  [
    "insert into "matomo" ("idsite", "actions", "country", "region", "city", "operatingsystemname", "devicemodel", "devicebrand", "visitduration", "dayssincefirstvisit", "visitortype", "visitorid", "referrertype", "referrername", "sitename", "userid", "resolution", "serverdateprettyfirstaction", "action_id", "action_type", "action_title", "action_timespent", "action_timestamp", "action_url", "usercustomproperties", "usercustomdimensions", "dimension1", "dimension2", "dimension3", "dimension4", "dimension5", "dimension6", "dimension7", "dimension8", "dimension9", "dimension10") values ($1, $2, $3, $4, $5, $6, $7, $8, $9, $10, $11, $12, $13, $14, $15, $16, $17, $18, $19, $20, $21, $22, $23, $24, $25, $26, $27, $28, $29, $30, $31, $32, $33, $34, $35, $36) on conflict do nothing",
    [
      "42",
      "2",
      "Argentine",
      "Buenos Aires",
      "Buenos Aires",
      "Mac",
      "Générique Bureau",
      "Inconnu",
      "300",
      "23",
      "returningCustomer",
      "visitorId",
      "referrerType",
      "referrerName",
      "tests",
      "24",
      "1920x1080",
      "2021-08-20T21:55:12.000Z",
      "undefined_1",
      "action",
      "Divezone Brand Diving Boots - Divezone Store",
      "2",
      "2021-08-20T21:30:25.000Z",
      "https://dive-shop.net/products/diving-boots/",
      {},
      {
        "dimension1": "guest",
        "dimension10": "36",
        "dimension2": "julien",
        "dimension3": "page",
        "dimension4": "indonesia",
        "dimension5": "diving",
        "dimension6": "shop",
        "dimension7": "v1.2.3",
        "dimension8": "fr",
        "dimension9": "light",
      },
      "guest",
      "julien",
      "page",
      "indonesia",
      "diving",
      "shop",
      "v1.2.3",
      "fr",
      "light",
      "36",
    ],
  ],
  [
    "insert into "matomo" ("idsite", "actions", "country", "region", "city", "operatingsystemname", "devicemodel", "devicebrand", "visitduration", "dayssincefirstvisit", "visitortype", "visitorid", "referrertype", "referrername", "sitename", "userid", "resolution", "serverdateprettyfirstaction", "action_id", "action_type", "action_title", "action_timespent", "action_timestamp", "action_url", "sitesearchkeyword", "usercustomproperties", "usercustomdimensions", "dimension1", "dimension2", "dimension3", "dimension4", "dimension5", "dimension6", "dimension7", "dimension8", "dimension9", "dimension10") values ($1, $2, $3, $4, $5, $6, $7, $8, $9, $10, $11, $12, $13, $14, $15, $16, $17, $18, $19, $20, $21, $22, $23, $24, $25, $26, $27, $28, $29, $30, $31, $32, $33, $34, $35, $36, $37) on conflict do nothing",
    [
      "42",
      "2",
      "Argentine",
      "Buenos Aires",
      "Buenos Aires",
      "Mac",
      "Générique Bureau",
      "Inconnu",
      "300",
      "23",
      "returningCustomer",
      "visitorId",
      "referrerType",
      "referrerName",
      "tests",
      "24",
      "1920x1080",
      "2021-08-20T21:55:12.000Z",
      "undefined_2",
      "search",
      "Divezone Brand Diving Boots - Divezone Store",
      "2",
      "2021-08-20T21:30:22.000Z",
      "https://dive-shop.net/products/diving-boots/",
      "scuba",
      {},
      {
        "dimension1": "guest",
        "dimension10": "36",
        "dimension2": "julien",
        "dimension3": "page",
        "dimension4": "indonesia",
        "dimension5": "diving",
        "dimension6": "shop",
        "dimension7": "v1.2.3",
        "dimension8": "fr",
        "dimension9": "light",
      },
      "guest",
      "julien",
      "page",
      "indonesia",
      "diving",
      "shop",
      "v1.2.3",
      "fr",
      "light",
      "36",
    ],
  ],
  [
    "insert into "matomo" ("idsite", "actions", "country", "region", "city", "operatingsystemname", "devicemodel", "devicebrand", "visitduration", "dayssincefirstvisit", "visitortype", "visitorid", "referrertype", "referrername", "sitename", "userid", "resolution", "serverdateprettyfirstaction", "action_id", "action_type", "action_title", "action_eventcategory", "action_eventaction", "action_eventname", "action_eventvalue", "action_timespent", "action_timestamp", "action_url", "usercustomproperties", "usercustomdimensions", "dimension1", "dimension2", "dimension3", "dimension4", "dimension5", "dimension6", "dimension7", "dimension8", "dimension9", "dimension10") values ($1, $2, $3, $4, $5, $6, $7, $8, $9, $10, $11, $12, $13, $14, $15, $16, $17, $18, $19, $20, $21, $22, $23, $24, $25, $26, $27, $28, $29, $30, $31, $32, $33, $34, $35, $36, $37, $38, $39, $40) on conflict do nothing",
    [
      "42",
      "2",
      "Argentine",
      "Buenos Aires",
      "Buenos Aires",
      "Mac",
      "Générique Bureau",
      "Inconnu",
      "300",
      "23",
      "returningCustomer",
      "visitorId",
      "referrerType",
      "referrerName",
      "tests",
      "24",
      "1920x1080",
      "2021-08-20T21:55:12.000Z",
      "undefined_0",
      "event",
      "Evènement",
      "Ecommerce",
      "Cart change",
      "added - Basic Wetsuit",
      1,
      48,
      "2021-08-20T21:35:18.000Z",
      "https://dive-shop.net/products/basic-wetsuit/",
      {
        "page-author": "Julien",
        "post-age": "-430 days",
      },
      {
        "dimension1": "guest",
        "dimension10": "36",
        "dimension2": "julien",
        "dimension3": "page",
        "dimension4": "indonesia",
        "dimension5": "diving",
        "dimension6": "shop",
        "dimension7": "v1.2.3",
        "dimension8": "fr",
        "dimension9": "light",
      },
      "guest",
      "julien",
      "page",
      "indonesia",
      "diving",
      "shop",
      "v1.2.3",
      "fr",
      "light",
      "36",
    ],
  ],
  [
    "insert into "matomo" ("idsite", "actions", "country", "region", "city", "operatingsystemname", "devicemodel", "devicebrand", "visitduration", "dayssincefirstvisit", "visitortype", "visitorid", "referrertype", "referrername", "sitename", "userid", "resolution", "serverdateprettyfirstaction", "action_id", "action_type", "action_title", "action_timespent", "action_timestamp", "action_url", "usercustomproperties", "usercustomdimensions", "dimension1", "dimension2", "dimension3", "dimension4", "dimension5", "dimension6", "dimension7", "dimension8", "dimension9", "dimension10") values ($1, $2, $3, $4, $5, $6, $7, $8, $9, $10, $11, $12, $13, $14, $15, $16, $17, $18, $19, $20, $21, $22, $23, $24, $25, $26, $27, $28, $29, $30, $31, $32, $33, $34, $35, $36) on conflict do nothing",
    [
      "42",
      "2",
      "Argentine",
      "Buenos Aires",
      "Buenos Aires",
      "Mac",
      "Générique Bureau",
      "Inconnu",
      "300",
      "23",
      "returningCustomer",
      "visitorId",
      "referrerType",
      "referrerName",
      "tests",
      "24",
      "1920x1080",
      "2021-08-20T21:55:12.000Z",
      "undefined_1",
      "action",
      "Divezone Brand Diving Boots - Divezone Store",
      "2",
      "2021-08-20T21:30:25.000Z",
      "https://dive-shop.net/products/diving-boots/",
      {},
      {
        "dimension1": "guest",
        "dimension10": "36",
        "dimension2": "julien",
        "dimension3": "page",
        "dimension4": "indonesia",
        "dimension5": "diving",
        "dimension6": "shop",
        "dimension7": "v1.2.3",
        "dimension8": "fr",
        "dimension9": "light",
      },
      "guest",
      "julien",
      "page",
      "indonesia",
      "diving",
      "shop",
      "v1.2.3",
      "fr",
      "light",
      "36",
    ],
  ],
  [
    "insert into "matomo" ("idsite", "actions", "country", "region", "city", "operatingsystemname", "devicemodel", "devicebrand", "visitduration", "dayssincefirstvisit", "visitortype", "visitorid", "referrertype", "referrername", "sitename", "userid", "resolution", "serverdateprettyfirstaction", "action_id", "action_type", "action_title", "action_timespent", "action_timestamp", "action_url", "sitesearchkeyword", "usercustomproperties", "usercustomdimensions", "dimension1", "dimension2", "dimension3", "dimension4", "dimension5", "dimension6", "dimension7", "dimension8", "dimension9", "dimension10") values ($1, $2, $3, $4, $5, $6, $7, $8, $9, $10, $11, $12, $13, $14, $15, $16, $17, $18, $19, $20, $21, $22, $23, $24, $25, $26, $27, $28, $29, $30, $31, $32, $33, $34, $35, $36, $37) on conflict do nothing",
    [
      "42",
      "2",
      "Argentine",
      "Buenos Aires",
      "Buenos Aires",
      "Mac",
      "Générique Bureau",
      "Inconnu",
      "300",
      "23",
      "returningCustomer",
      "visitorId",
      "referrerType",
      "referrerName",
      "tests",
      "24",
      "1920x1080",
      "2021-08-20T21:55:12.000Z",
      "undefined_2",
      "search",
      "Divezone Brand Diving Boots - Divezone Store",
      "2",
      "2021-08-20T21:30:22.000Z",
      "https://dive-shop.net/products/diving-boots/",
      "scuba",
      {},
      {
        "dimension1": "guest",
        "dimension10": "36",
        "dimension2": "julien",
        "dimension3": "page",
        "dimension4": "indonesia",
        "dimension5": "diving",
        "dimension6": "shop",
        "dimension7": "v1.2.3",
        "dimension8": "fr",
        "dimension9": "light",
      },
      "guest",
      "julien",
      "page",
      "indonesia",
      "diving",
      "shop",
      "v1.2.3",
      "fr",
      "light",
      "36",
    ],
  ],
  [
    "insert into "matomo" ("idsite", "actions", "country", "region", "city", "operatingsystemname", "devicemodel", "devicebrand", "visitduration", "dayssincefirstvisit", "visitortype", "visitorid", "referrertype", "referrername", "sitename", "userid", "resolution", "serverdateprettyfirstaction", "action_id", "action_type", "action_title", "action_eventcategory", "action_eventaction", "action_eventname", "action_eventvalue", "action_timespent", "action_timestamp", "action_url", "usercustomproperties", "usercustomdimensions", "dimension1", "dimension2", "dimension3", "dimension4", "dimension5", "dimension6", "dimension7", "dimension8", "dimension9", "dimension10") values ($1, $2, $3, $4, $5, $6, $7, $8, $9, $10, $11, $12, $13, $14, $15, $16, $17, $18, $19, $20, $21, $22, $23, $24, $25, $26, $27, $28, $29, $30, $31, $32, $33, $34, $35, $36, $37, $38, $39, $40) on conflict do nothing",
    [
      "42",
      "2",
      "Argentine",
      "Buenos Aires",
      "Buenos Aires",
      "Mac",
      "Générique Bureau",
      "Inconnu",
      "300",
      "23",
      "returningCustomer",
      "visitorId",
      "referrerType",
      "referrerName",
      "tests",
      "24",
      "1920x1080",
      "2021-08-20T21:55:12.000Z",
      "undefined_0",
      "event",
      "Evènement",
      "Ecommerce",
      "Cart change",
      "added - Basic Wetsuit",
      1,
      48,
      "2021-08-20T21:35:18.000Z",
      "https://dive-shop.net/products/basic-wetsuit/",
      {
        "page-author": "Julien",
        "post-age": "-430 days",
      },
      {
        "dimension1": "guest",
        "dimension10": "36",
        "dimension2": "julien",
        "dimension3": "page",
        "dimension4": "indonesia",
        "dimension5": "diving",
        "dimension6": "shop",
        "dimension7": "v1.2.3",
        "dimension8": "fr",
        "dimension9": "light",
      },
      "guest",
      "julien",
      "page",
      "indonesia",
      "diving",
      "shop",
      "v1.2.3",
      "fr",
      "light",
      "36",
    ],
  ],
  [
    "insert into "matomo" ("idsite", "actions", "country", "region", "city", "operatingsystemname", "devicemodel", "devicebrand", "visitduration", "dayssincefirstvisit", "visitortype", "visitorid", "referrertype", "referrername", "sitename", "userid", "resolution", "serverdateprettyfirstaction", "action_id", "action_type", "action_title", "action_timespent", "action_timestamp", "action_url", "usercustomproperties", "usercustomdimensions", "dimension1", "dimension2", "dimension3", "dimension4", "dimension5", "dimension6", "dimension7", "dimension8", "dimension9", "dimension10") values ($1, $2, $3, $4, $5, $6, $7, $8, $9, $10, $11, $12, $13, $14, $15, $16, $17, $18, $19, $20, $21, $22, $23, $24, $25, $26, $27, $28, $29, $30, $31, $32, $33, $34, $35, $36) on conflict do nothing",
    [
      "42",
      "2",
      "Argentine",
      "Buenos Aires",
      "Buenos Aires",
      "Mac",
      "Générique Bureau",
      "Inconnu",
      "300",
      "23",
      "returningCustomer",
      "visitorId",
      "referrerType",
      "referrerName",
      "tests",
      "24",
      "1920x1080",
      "2021-08-20T21:55:12.000Z",
      "undefined_1",
      "action",
      "Divezone Brand Diving Boots - Divezone Store",
      "2",
      "2021-08-20T21:30:25.000Z",
      "https://dive-shop.net/products/diving-boots/",
      {},
      {
        "dimension1": "guest",
        "dimension10": "36",
        "dimension2": "julien",
        "dimension3": "page",
        "dimension4": "indonesia",
        "dimension5": "diving",
        "dimension6": "shop",
        "dimension7": "v1.2.3",
        "dimension8": "fr",
        "dimension9": "light",
      },
      "guest",
      "julien",
      "page",
      "indonesia",
      "diving",
      "shop",
      "v1.2.3",
      "fr",
      "light",
      "36",
    ],
  ],
  [
    "insert into "matomo" ("idsite", "actions", "country", "region", "city", "operatingsystemname", "devicemodel", "devicebrand", "visitduration", "dayssincefirstvisit", "visitortype", "visitorid", "referrertype", "referrername", "sitename", "userid", "resolution", "serverdateprettyfirstaction", "action_id", "action_type", "action_title", "action_timespent", "action_timestamp", "action_url", "sitesearchkeyword", "usercustomproperties", "usercustomdimensions", "dimension1", "dimension2", "dimension3", "dimension4", "dimension5", "dimension6", "dimension7", "dimension8", "dimension9", "dimension10") values ($1, $2, $3, $4, $5, $6, $7, $8, $9, $10, $11, $12, $13, $14, $15, $16, $17, $18, $19, $20, $21, $22, $23, $24, $25, $26, $27, $28, $29, $30, $31, $32, $33, $34, $35, $36, $37) on conflict do nothing",
    [
      "42",
      "2",
      "Argentine",
      "Buenos Aires",
      "Buenos Aires",
      "Mac",
      "Générique Bureau",
      "Inconnu",
      "300",
      "23",
      "returningCustomer",
      "visitorId",
      "referrerType",
      "referrerName",
      "tests",
      "24",
      "1920x1080",
      "2021-08-20T21:55:12.000Z",
      "undefined_2",
      "search",
      "Divezone Brand Diving Boots - Divezone Store",
      "2",
      "2021-08-20T21:30:22.000Z",
      "https://dive-shop.net/products/diving-boots/",
      "scuba",
      {},
      {
        "dimension1": "guest",
        "dimension10": "36",
        "dimension2": "julien",
        "dimension3": "page",
        "dimension4": "indonesia",
        "dimension5": "diving",
        "dimension6": "shop",
        "dimension7": "v1.2.3",
        "dimension8": "fr",
        "dimension9": "light",
      },
      "guest",
      "julien",
      "page",
      "indonesia",
      "diving",
      "shop",
      "v1.2.3",
      "fr",
      "light",
      "36",
    ],
  ],
  [
    "insert into "matomo" ("idsite", "actions", "country", "region", "city", "operatingsystemname", "devicemodel", "devicebrand", "visitduration", "dayssincefirstvisit", "visitortype", "visitorid", "referrertype", "referrername", "sitename", "userid", "resolution", "serverdateprettyfirstaction", "action_id", "action_type", "action_title", "action_eventcategory", "action_eventaction", "action_eventname", "action_eventvalue", "action_timespent", "action_timestamp", "action_url", "usercustomproperties", "usercustomdimensions", "dimension1", "dimension2", "dimension3", "dimension4", "dimension5", "dimension6", "dimension7", "dimension8", "dimension9", "dimension10") values ($1, $2, $3, $4, $5, $6, $7, $8, $9, $10, $11, $12, $13, $14, $15, $16, $17, $18, $19, $20, $21, $22, $23, $24, $25, $26, $27, $28, $29, $30, $31, $32, $33, $34, $35, $36, $37, $38, $39, $40) on conflict do nothing",
    [
      "42",
      "2",
      "Argentine",
      "Buenos Aires",
      "Buenos Aires",
      "Mac",
      "Générique Bureau",
      "Inconnu",
      "300",
      "23",
      "returningCustomer",
      "visitorId",
      "referrerType",
      "referrerName",
      "tests",
      "24",
      "1920x1080",
      "2021-08-20T21:55:12.000Z",
      "undefined_0",
      "event",
      "Evènement",
      "Ecommerce",
      "Cart change",
      "added - Basic Wetsuit",
      1,
      48,
      "2021-08-20T21:35:18.000Z",
      "https://dive-shop.net/products/basic-wetsuit/",
      {
        "page-author": "Julien",
        "post-age": "-430 days",
      },
      {
        "dimension1": "guest",
        "dimension10": "36",
        "dimension2": "julien",
        "dimension3": "page",
        "dimension4": "indonesia",
        "dimension5": "diving",
        "dimension6": "shop",
        "dimension7": "v1.2.3",
        "dimension8": "fr",
        "dimension9": "light",
      },
      "guest",
      "julien",
      "page",
      "indonesia",
      "diving",
      "shop",
      "v1.2.3",
      "fr",
      "light",
      "36",
    ],
  ],
  [
    "insert into "matomo" ("idsite", "actions", "country", "region", "city", "operatingsystemname", "devicemodel", "devicebrand", "visitduration", "dayssincefirstvisit", "visitortype", "visitorid", "referrertype", "referrername", "sitename", "userid", "resolution", "serverdateprettyfirstaction", "action_id", "action_type", "action_title", "action_timespent", "action_timestamp", "action_url", "usercustomproperties", "usercustomdimensions", "dimension1", "dimension2", "dimension3", "dimension4", "dimension5", "dimension6", "dimension7", "dimension8", "dimension9", "dimension10") values ($1, $2, $3, $4, $5, $6, $7, $8, $9, $10, $11, $12, $13, $14, $15, $16, $17, $18, $19, $20, $21, $22, $23, $24, $25, $26, $27, $28, $29, $30, $31, $32, $33, $34, $35, $36) on conflict do nothing",
    [
      "42",
      "2",
      "Argentine",
      "Buenos Aires",
      "Buenos Aires",
      "Mac",
      "Générique Bureau",
      "Inconnu",
      "300",
      "23",
      "returningCustomer",
      "visitorId",
      "referrerType",
      "referrerName",
      "tests",
      "24",
      "1920x1080",
      "2021-08-20T21:55:12.000Z",
      "undefined_1",
      "action",
      "Divezone Brand Diving Boots - Divezone Store",
      "2",
      "2021-08-20T21:30:25.000Z",
      "https://dive-shop.net/products/diving-boots/",
      {},
      {
        "dimension1": "guest",
        "dimension10": "36",
        "dimension2": "julien",
        "dimension3": "page",
        "dimension4": "indonesia",
        "dimension5": "diving",
        "dimension6": "shop",
        "dimension7": "v1.2.3",
        "dimension8": "fr",
        "dimension9": "light",
      },
      "guest",
      "julien",
      "page",
      "indonesia",
      "diving",
      "shop",
      "v1.2.3",
      "fr",
      "light",
      "36",
    ],
  ],
  [
    "insert into "matomo" ("idsite", "actions", "country", "region", "city", "operatingsystemname", "devicemodel", "devicebrand", "visitduration", "dayssincefirstvisit", "visitortype", "visitorid", "referrertype", "referrername", "sitename", "userid", "resolution", "serverdateprettyfirstaction", "action_id", "action_type", "action_title", "action_timespent", "action_timestamp", "action_url", "sitesearchkeyword", "usercustomproperties", "usercustomdimensions", "dimension1", "dimension2", "dimension3", "dimension4", "dimension5", "dimension6", "dimension7", "dimension8", "dimension9", "dimension10") values ($1, $2, $3, $4, $5, $6, $7, $8, $9, $10, $11, $12, $13, $14, $15, $16, $17, $18, $19, $20, $21, $22, $23, $24, $25, $26, $27, $28, $29, $30, $31, $32, $33, $34, $35, $36, $37) on conflict do nothing",
    [
      "42",
      "2",
      "Argentine",
      "Buenos Aires",
      "Buenos Aires",
      "Mac",
      "Générique Bureau",
      "Inconnu",
      "300",
      "23",
      "returningCustomer",
      "visitorId",
      "referrerType",
      "referrerName",
      "tests",
      "24",
      "1920x1080",
      "2021-08-20T21:55:12.000Z",
      "undefined_2",
      "search",
      "Divezone Brand Diving Boots - Divezone Store",
      "2",
      "2021-08-20T21:30:22.000Z",
      "https://dive-shop.net/products/diving-boots/",
      "scuba",
      {},
      {
        "dimension1": "guest",
        "dimension10": "36",
        "dimension2": "julien",
        "dimension3": "page",
        "dimension4": "indonesia",
        "dimension5": "diving",
        "dimension6": "shop",
        "dimension7": "v1.2.3",
        "dimension8": "fr",
        "dimension9": "light",
      },
      "guest",
      "julien",
      "page",
      "indonesia",
      "diving",
      "shop",
      "v1.2.3",
      "fr",
      "light",
      "36",
    ],
  ],
  [
    "insert into "matomo" ("idsite", "actions", "country", "region", "city", "operatingsystemname", "devicemodel", "devicebrand", "visitduration", "dayssincefirstvisit", "visitortype", "visitorid", "referrertype", "referrername", "sitename", "userid", "resolution", "serverdateprettyfirstaction", "action_id", "action_type", "action_title", "action_eventcategory", "action_eventaction", "action_eventname", "action_eventvalue", "action_timespent", "action_timestamp", "action_url", "usercustomproperties", "usercustomdimensions", "dimension1", "dimension2", "dimension3", "dimension4", "dimension5", "dimension6", "dimension7", "dimension8", "dimension9", "dimension10") values ($1, $2, $3, $4, $5, $6, $7, $8, $9, $10, $11, $12, $13, $14, $15, $16, $17, $18, $19, $20, $21, $22, $23, $24, $25, $26, $27, $28, $29, $30, $31, $32, $33, $34, $35, $36, $37, $38, $39, $40) on conflict do nothing",
    [
      "42",
      "2",
      "Argentine",
      "Buenos Aires",
      "Buenos Aires",
      "Mac",
      "Générique Bureau",
      "Inconnu",
      "300",
      "23",
      "returningCustomer",
      "visitorId",
      "referrerType",
      "referrerName",
      "tests",
      "24",
      "1920x1080",
      "2021-08-20T21:55:12.000Z",
      "undefined_0",
      "event",
      "Evènement",
      "Ecommerce",
      "Cart change",
      "added - Basic Wetsuit",
      1,
      48,
      "2021-08-20T21:35:18.000Z",
      "https://dive-shop.net/products/basic-wetsuit/",
      {
        "page-author": "Julien",
        "post-age": "-430 days",
      },
      {
        "dimension1": "guest",
        "dimension10": "36",
        "dimension2": "julien",
        "dimension3": "page",
        "dimension4": "indonesia",
        "dimension5": "diving",
        "dimension6": "shop",
        "dimension7": "v1.2.3",
        "dimension8": "fr",
        "dimension9": "light",
      },
      "guest",
      "julien",
      "page",
      "indonesia",
      "diving",
      "shop",
      "v1.2.3",
      "fr",
      "light",
      "36",
    ],
  ],
  [
    "insert into "matomo" ("idsite", "actions", "country", "region", "city", "operatingsystemname", "devicemodel", "devicebrand", "visitduration", "dayssincefirstvisit", "visitortype", "visitorid", "referrertype", "referrername", "sitename", "userid", "resolution", "serverdateprettyfirstaction", "action_id", "action_type", "action_title", "action_timespent", "action_timestamp", "action_url", "usercustomproperties", "usercustomdimensions", "dimension1", "dimension2", "dimension3", "dimension4", "dimension5", "dimension6", "dimension7", "dimension8", "dimension9", "dimension10") values ($1, $2, $3, $4, $5, $6, $7, $8, $9, $10, $11, $12, $13, $14, $15, $16, $17, $18, $19, $20, $21, $22, $23, $24, $25, $26, $27, $28, $29, $30, $31, $32, $33, $34, $35, $36) on conflict do nothing",
    [
      "42",
      "2",
      "Argentine",
      "Buenos Aires",
      "Buenos Aires",
      "Mac",
      "Générique Bureau",
      "Inconnu",
      "300",
      "23",
      "returningCustomer",
      "visitorId",
      "referrerType",
      "referrerName",
      "tests",
      "24",
      "1920x1080",
      "2021-08-20T21:55:12.000Z",
      "undefined_1",
      "action",
      "Divezone Brand Diving Boots - Divezone Store",
      "2",
      "2021-08-20T21:30:25.000Z",
      "https://dive-shop.net/products/diving-boots/",
      {},
      {
        "dimension1": "guest",
        "dimension10": "36",
        "dimension2": "julien",
        "dimension3": "page",
        "dimension4": "indonesia",
        "dimension5": "diving",
        "dimension6": "shop",
        "dimension7": "v1.2.3",
        "dimension8": "fr",
        "dimension9": "light",
      },
      "guest",
      "julien",
      "page",
      "indonesia",
      "diving",
      "shop",
      "v1.2.3",
      "fr",
      "light",
      "36",
    ],
  ],
  [
    "insert into "matomo" ("idsite", "actions", "country", "region", "city", "operatingsystemname", "devicemodel", "devicebrand", "visitduration", "dayssincefirstvisit", "visitortype", "visitorid", "referrertype", "referrername", "sitename", "userid", "resolution", "serverdateprettyfirstaction", "action_id", "action_type", "action_title", "action_timespent", "action_timestamp", "action_url", "sitesearchkeyword", "usercustomproperties", "usercustomdimensions", "dimension1", "dimension2", "dimension3", "dimension4", "dimension5", "dimension6", "dimension7", "dimension8", "dimension9", "dimension10") values ($1, $2, $3, $4, $5, $6, $7, $8, $9, $10, $11, $12, $13, $14, $15, $16, $17, $18, $19, $20, $21, $22, $23, $24, $25, $26, $27, $28, $29, $30, $31, $32, $33, $34, $35, $36, $37) on conflict do nothing",
    [
      "42",
      "2",
      "Argentine",
      "Buenos Aires",
      "Buenos Aires",
      "Mac",
      "Générique Bureau",
      "Inconnu",
      "300",
      "23",
      "returningCustomer",
      "visitorId",
      "referrerType",
      "referrerName",
      "tests",
      "24",
      "1920x1080",
      "2021-08-20T21:55:12.000Z",
      "undefined_2",
      "search",
      "Divezone Brand Diving Boots - Divezone Store",
      "2",
      "2021-08-20T21:30:22.000Z",
      "https://dive-shop.net/products/diving-boots/",
      "scuba",
      {},
      {
        "dimension1": "guest",
        "dimension10": "36",
        "dimension2": "julien",
        "dimension3": "page",
        "dimension4": "indonesia",
        "dimension5": "diving",
        "dimension6": "shop",
        "dimension7": "v1.2.3",
        "dimension8": "fr",
        "dimension9": "light",
      },
      "guest",
      "julien",
      "page",
      "indonesia",
      "diving",
      "shop",
      "v1.2.3",
      "fr",
      "light",
      "36",
    ],
  ],
  [
    "insert into "matomo" ("idsite", "actions", "country", "region", "city", "operatingsystemname", "devicemodel", "devicebrand", "visitduration", "dayssincefirstvisit", "visitortype", "visitorid", "referrertype", "referrername", "sitename", "userid", "resolution", "serverdateprettyfirstaction", "action_id", "action_type", "action_title", "action_eventcategory", "action_eventaction", "action_eventname", "action_eventvalue", "action_timespent", "action_timestamp", "action_url", "usercustomproperties", "usercustomdimensions", "dimension1", "dimension2", "dimension3", "dimension4", "dimension5", "dimension6", "dimension7", "dimension8", "dimension9", "dimension10") values ($1, $2, $3, $4, $5, $6, $7, $8, $9, $10, $11, $12, $13, $14, $15, $16, $17, $18, $19, $20, $21, $22, $23, $24, $25, $26, $27, $28, $29, $30, $31, $32, $33, $34, $35, $36, $37, $38, $39, $40) on conflict do nothing",
    [
      "42",
      "2",
      "Argentine",
      "Buenos Aires",
      "Buenos Aires",
      "Mac",
      "Générique Bureau",
      "Inconnu",
      "300",
      "23",
      "returningCustomer",
      "visitorId",
      "referrerType",
      "referrerName",
      "tests",
      "24",
      "1920x1080",
      "2021-08-20T21:55:12.000Z",
      "undefined_0",
      "event",
      "Evènement",
      "Ecommerce",
      "Cart change",
      "added - Basic Wetsuit",
      1,
      48,
      "2021-08-20T21:35:18.000Z",
      "https://dive-shop.net/products/basic-wetsuit/",
      {
        "page-author": "Julien",
        "post-age": "-430 days",
      },
      {
        "dimension1": "guest",
        "dimension10": "36",
        "dimension2": "julien",
        "dimension3": "page",
        "dimension4": "indonesia",
        "dimension5": "diving",
        "dimension6": "shop",
        "dimension7": "v1.2.3",
        "dimension8": "fr",
        "dimension9": "light",
      },
      "guest",
      "julien",
      "page",
      "indonesia",
      "diving",
      "shop",
      "v1.2.3",
      "fr",
      "light",
      "36",
    ],
  ],
  [
    "insert into "matomo" ("idsite", "actions", "country", "region", "city", "operatingsystemname", "devicemodel", "devicebrand", "visitduration", "dayssincefirstvisit", "visitortype", "visitorid", "referrertype", "referrername", "sitename", "userid", "resolution", "serverdateprettyfirstaction", "action_id", "action_type", "action_title", "action_timespent", "action_timestamp", "action_url", "usercustomproperties", "usercustomdimensions", "dimension1", "dimension2", "dimension3", "dimension4", "dimension5", "dimension6", "dimension7", "dimension8", "dimension9", "dimension10") values ($1, $2, $3, $4, $5, $6, $7, $8, $9, $10, $11, $12, $13, $14, $15, $16, $17, $18, $19, $20, $21, $22, $23, $24, $25, $26, $27, $28, $29, $30, $31, $32, $33, $34, $35, $36) on conflict do nothing",
    [
      "42",
      "2",
      "Argentine",
      "Buenos Aires",
      "Buenos Aires",
      "Mac",
      "Générique Bureau",
      "Inconnu",
      "300",
      "23",
      "returningCustomer",
      "visitorId",
      "referrerType",
      "referrerName",
      "tests",
      "24",
      "1920x1080",
      "2021-08-20T21:55:12.000Z",
      "undefined_1",
      "action",
      "Divezone Brand Diving Boots - Divezone Store",
      "2",
      "2021-08-20T21:30:25.000Z",
      "https://dive-shop.net/products/diving-boots/",
      {},
      {
        "dimension1": "guest",
        "dimension10": "36",
        "dimension2": "julien",
        "dimension3": "page",
        "dimension4": "indonesia",
        "dimension5": "diving",
        "dimension6": "shop",
        "dimension7": "v1.2.3",
        "dimension8": "fr",
        "dimension9": "light",
      },
      "guest",
      "julien",
      "page",
      "indonesia",
      "diving",
      "shop",
      "v1.2.3",
      "fr",
      "light",
      "36",
    ],
  ],
  [
    "insert into "matomo" ("idsite", "actions", "country", "region", "city", "operatingsystemname", "devicemodel", "devicebrand", "visitduration", "dayssincefirstvisit", "visitortype", "visitorid", "referrertype", "referrername", "sitename", "userid", "resolution", "serverdateprettyfirstaction", "action_id", "action_type", "action_title", "action_timespent", "action_timestamp", "action_url", "sitesearchkeyword", "usercustomproperties", "usercustomdimensions", "dimension1", "dimension2", "dimension3", "dimension4", "dimension5", "dimension6", "dimension7", "dimension8", "dimension9", "dimension10") values ($1, $2, $3, $4, $5, $6, $7, $8, $9, $10, $11, $12, $13, $14, $15, $16, $17, $18, $19, $20, $21, $22, $23, $24, $25, $26, $27, $28, $29, $30, $31, $32, $33, $34, $35, $36, $37) on conflict do nothing",
    [
      "42",
      "2",
      "Argentine",
      "Buenos Aires",
      "Buenos Aires",
      "Mac",
      "Générique Bureau",
      "Inconnu",
      "300",
      "23",
      "returningCustomer",
      "visitorId",
      "referrerType",
      "referrerName",
      "tests",
      "24",
      "1920x1080",
      "2021-08-20T21:55:12.000Z",
      "undefined_2",
      "search",
      "Divezone Brand Diving Boots - Divezone Store",
      "2",
      "2021-08-20T21:30:22.000Z",
      "https://dive-shop.net/products/diving-boots/",
      "scuba",
      {},
      {
        "dimension1": "guest",
        "dimension10": "36",
        "dimension2": "julien",
        "dimension3": "page",
        "dimension4": "indonesia",
        "dimension5": "diving",
        "dimension6": "shop",
        "dimension7": "v1.2.3",
        "dimension8": "fr",
        "dimension9": "light",
      },
      "guest",
      "julien",
      "page",
      "indonesia",
      "diving",
      "shop",
      "v1.2.3",
      "fr",
      "light",
      "36",
    ],
  ],
  [
    "insert into "matomo" ("idsite", "actions", "country", "region", "city", "operatingsystemname", "devicemodel", "devicebrand", "visitduration", "dayssincefirstvisit", "visitortype", "visitorid", "referrertype", "referrername", "sitename", "userid", "resolution", "serverdateprettyfirstaction", "action_id", "action_type", "action_title", "action_eventcategory", "action_eventaction", "action_eventname", "action_eventvalue", "action_timespent", "action_timestamp", "action_url", "usercustomproperties", "usercustomdimensions", "dimension1", "dimension2", "dimension3", "dimension4", "dimension5", "dimension6", "dimension7", "dimension8", "dimension9", "dimension10") values ($1, $2, $3, $4, $5, $6, $7, $8, $9, $10, $11, $12, $13, $14, $15, $16, $17, $18, $19, $20, $21, $22, $23, $24, $25, $26, $27, $28, $29, $30, $31, $32, $33, $34, $35, $36, $37, $38, $39, $40) on conflict do nothing",
    [
      "42",
      "2",
      "Argentine",
      "Buenos Aires",
      "Buenos Aires",
      "Mac",
      "Générique Bureau",
      "Inconnu",
      "300",
      "23",
      "returningCustomer",
      "visitorId",
      "referrerType",
      "referrerName",
      "tests",
      "24",
      "1920x1080",
      "2021-08-20T21:55:12.000Z",
      "undefined_0",
      "event",
      "Evènement",
      "Ecommerce",
      "Cart change",
      "added - Basic Wetsuit",
      1,
      48,
      "2021-08-20T21:35:18.000Z",
      "https://dive-shop.net/products/basic-wetsuit/",
      {
        "page-author": "Julien",
        "post-age": "-430 days",
      },
      {
        "dimension1": "guest",
        "dimension10": "36",
        "dimension2": "julien",
        "dimension3": "page",
        "dimension4": "indonesia",
        "dimension5": "diving",
        "dimension6": "shop",
        "dimension7": "v1.2.3",
        "dimension8": "fr",
        "dimension9": "light",
      },
      "guest",
      "julien",
      "page",
      "indonesia",
      "diving",
      "shop",
      "v1.2.3",
      "fr",
      "light",
      "36",
    ],
  ],
  [
    "insert into "matomo" ("idsite", "actions", "country", "region", "city", "operatingsystemname", "devicemodel", "devicebrand", "visitduration", "dayssincefirstvisit", "visitortype", "visitorid", "referrertype", "referrername", "sitename", "userid", "resolution", "serverdateprettyfirstaction", "action_id", "action_type", "action_title", "action_timespent", "action_timestamp", "action_url", "usercustomproperties", "usercustomdimensions", "dimension1", "dimension2", "dimension3", "dimension4", "dimension5", "dimension6", "dimension7", "dimension8", "dimension9", "dimension10") values ($1, $2, $3, $4, $5, $6, $7, $8, $9, $10, $11, $12, $13, $14, $15, $16, $17, $18, $19, $20, $21, $22, $23, $24, $25, $26, $27, $28, $29, $30, $31, $32, $33, $34, $35, $36) on conflict do nothing",
    [
      "42",
      "2",
      "Argentine",
      "Buenos Aires",
      "Buenos Aires",
      "Mac",
      "Générique Bureau",
      "Inconnu",
      "300",
      "23",
      "returningCustomer",
      "visitorId",
      "referrerType",
      "referrerName",
      "tests",
      "24",
      "1920x1080",
      "2021-08-20T21:55:12.000Z",
      "undefined_1",
      "action",
      "Divezone Brand Diving Boots - Divezone Store",
      "2",
      "2021-08-20T21:30:25.000Z",
      "https://dive-shop.net/products/diving-boots/",
      {},
      {
        "dimension1": "guest",
        "dimension10": "36",
        "dimension2": "julien",
        "dimension3": "page",
        "dimension4": "indonesia",
        "dimension5": "diving",
        "dimension6": "shop",
        "dimension7": "v1.2.3",
        "dimension8": "fr",
        "dimension9": "light",
      },
      "guest",
      "julien",
      "page",
      "indonesia",
      "diving",
      "shop",
      "v1.2.3",
      "fr",
      "light",
      "36",
    ],
  ],
  [
    "insert into "matomo" ("idsite", "actions", "country", "region", "city", "operatingsystemname", "devicemodel", "devicebrand", "visitduration", "dayssincefirstvisit", "visitortype", "visitorid", "referrertype", "referrername", "sitename", "userid", "resolution", "serverdateprettyfirstaction", "action_id", "action_type", "action_title", "action_timespent", "action_timestamp", "action_url", "sitesearchkeyword", "usercustomproperties", "usercustomdimensions", "dimension1", "dimension2", "dimension3", "dimension4", "dimension5", "dimension6", "dimension7", "dimension8", "dimension9", "dimension10") values ($1, $2, $3, $4, $5, $6, $7, $8, $9, $10, $11, $12, $13, $14, $15, $16, $17, $18, $19, $20, $21, $22, $23, $24, $25, $26, $27, $28, $29, $30, $31, $32, $33, $34, $35, $36, $37) on conflict do nothing",
    [
      "42",
      "2",
      "Argentine",
      "Buenos Aires",
      "Buenos Aires",
      "Mac",
      "Générique Bureau",
      "Inconnu",
      "300",
      "23",
      "returningCustomer",
      "visitorId",
      "referrerType",
      "referrerName",
      "tests",
      "24",
      "1920x1080",
      "2021-08-20T21:55:12.000Z",
      "undefined_2",
      "search",
      "Divezone Brand Diving Boots - Divezone Store",
      "2",
      "2021-08-20T21:30:22.000Z",
      "https://dive-shop.net/products/diving-boots/",
      "scuba",
      {},
      {
        "dimension1": "guest",
        "dimension10": "36",
        "dimension2": "julien",
        "dimension3": "page",
        "dimension4": "indonesia",
        "dimension5": "diving",
        "dimension6": "shop",
        "dimension7": "v1.2.3",
        "dimension8": "fr",
        "dimension9": "light",
      },
      "guest",
      "julien",
      "page",
      "indonesia",
      "diving",
      "shop",
      "v1.2.3",
      "fr",
      "light",
      "36",
    ],
  ],
  [
    "insert into "matomo" ("idsite", "actions", "country", "region", "city", "operatingsystemname", "devicemodel", "devicebrand", "visitduration", "dayssincefirstvisit", "visitortype", "visitorid", "referrertype", "referrername", "sitename", "userid", "resolution", "serverdateprettyfirstaction", "action_id", "action_type", "action_title", "action_eventcategory", "action_eventaction", "action_eventname", "action_eventvalue", "action_timespent", "action_timestamp", "action_url", "usercustomproperties", "usercustomdimensions", "dimension1", "dimension2", "dimension3", "dimension4", "dimension5", "dimension6", "dimension7", "dimension8", "dimension9", "dimension10") values ($1, $2, $3, $4, $5, $6, $7, $8, $9, $10, $11, $12, $13, $14, $15, $16, $17, $18, $19, $20, $21, $22, $23, $24, $25, $26, $27, $28, $29, $30, $31, $32, $33, $34, $35, $36, $37, $38, $39, $40) on conflict do nothing",
    [
      "42",
      "2",
      "Argentine",
      "Buenos Aires",
      "Buenos Aires",
      "Mac",
      "Générique Bureau",
      "Inconnu",
      "300",
      "23",
      "returningCustomer",
      "visitorId",
      "referrerType",
      "referrerName",
      "tests",
      "24",
      "1920x1080",
      "2021-08-20T21:55:12.000Z",
      "undefined_0",
      "event",
      "Evènement",
      "Ecommerce",
      "Cart change",
      "added - Basic Wetsuit",
      1,
      48,
      "2021-08-20T21:35:18.000Z",
      "https://dive-shop.net/products/basic-wetsuit/",
      {
        "page-author": "Julien",
        "post-age": "-430 days",
      },
      {
        "dimension1": "guest",
        "dimension10": "36",
        "dimension2": "julien",
        "dimension3": "page",
        "dimension4": "indonesia",
        "dimension5": "diving",
        "dimension6": "shop",
        "dimension7": "v1.2.3",
        "dimension8": "fr",
        "dimension9": "light",
      },
      "guest",
      "julien",
      "page",
      "indonesia",
      "diving",
      "shop",
      "v1.2.3",
      "fr",
      "light",
      "36",
    ],
  ],
  [
    "insert into "matomo" ("idsite", "actions", "country", "region", "city", "operatingsystemname", "devicemodel", "devicebrand", "visitduration", "dayssincefirstvisit", "visitortype", "visitorid", "referrertype", "referrername", "sitename", "userid", "resolution", "serverdateprettyfirstaction", "action_id", "action_type", "action_title", "action_timespent", "action_timestamp", "action_url", "usercustomproperties", "usercustomdimensions", "dimension1", "dimension2", "dimension3", "dimension4", "dimension5", "dimension6", "dimension7", "dimension8", "dimension9", "dimension10") values ($1, $2, $3, $4, $5, $6, $7, $8, $9, $10, $11, $12, $13, $14, $15, $16, $17, $18, $19, $20, $21, $22, $23, $24, $25, $26, $27, $28, $29, $30, $31, $32, $33, $34, $35, $36) on conflict do nothing",
    [
      "42",
      "2",
      "Argentine",
      "Buenos Aires",
      "Buenos Aires",
      "Mac",
      "Générique Bureau",
      "Inconnu",
      "300",
      "23",
      "returningCustomer",
      "visitorId",
      "referrerType",
      "referrerName",
      "tests",
      "24",
      "1920x1080",
      "2021-08-20T21:55:12.000Z",
      "undefined_1",
      "action",
      "Divezone Brand Diving Boots - Divezone Store",
      "2",
      "2021-08-20T21:30:25.000Z",
      "https://dive-shop.net/products/diving-boots/",
      {},
      {
        "dimension1": "guest",
        "dimension10": "36",
        "dimension2": "julien",
        "dimension3": "page",
        "dimension4": "indonesia",
        "dimension5": "diving",
        "dimension6": "shop",
        "dimension7": "v1.2.3",
        "dimension8": "fr",
        "dimension9": "light",
      },
      "guest",
      "julien",
      "page",
      "indonesia",
      "diving",
      "shop",
      "v1.2.3",
      "fr",
      "light",
      "36",
    ],
  ],
  [
    "insert into "matomo" ("idsite", "actions", "country", "region", "city", "operatingsystemname", "devicemodel", "devicebrand", "visitduration", "dayssincefirstvisit", "visitortype", "visitorid", "referrertype", "referrername", "sitename", "userid", "resolution", "serverdateprettyfirstaction", "action_id", "action_type", "action_title", "action_timespent", "action_timestamp", "action_url", "sitesearchkeyword", "usercustomproperties", "usercustomdimensions", "dimension1", "dimension2", "dimension3", "dimension4", "dimension5", "dimension6", "dimension7", "dimension8", "dimension9", "dimension10") values ($1, $2, $3, $4, $5, $6, $7, $8, $9, $10, $11, $12, $13, $14, $15, $16, $17, $18, $19, $20, $21, $22, $23, $24, $25, $26, $27, $28, $29, $30, $31, $32, $33, $34, $35, $36, $37) on conflict do nothing",
    [
      "42",
      "2",
      "Argentine",
      "Buenos Aires",
      "Buenos Aires",
      "Mac",
      "Générique Bureau",
      "Inconnu",
      "300",
      "23",
      "returningCustomer",
      "visitorId",
      "referrerType",
      "referrerName",
      "tests",
      "24",
      "1920x1080",
      "2021-08-20T21:55:12.000Z",
      "undefined_2",
      "search",
      "Divezone Brand Diving Boots - Divezone Store",
      "2",
      "2021-08-20T21:30:22.000Z",
      "https://dive-shop.net/products/diving-boots/",
      "scuba",
      {},
      {
        "dimension1": "guest",
        "dimension10": "36",
        "dimension2": "julien",
        "dimension3": "page",
        "dimension4": "indonesia",
        "dimension5": "diving",
        "dimension6": "shop",
        "dimension7": "v1.2.3",
        "dimension8": "fr",
        "dimension9": "light",
      },
      "guest",
      "julien",
      "page",
      "indonesia",
      "diving",
      "shop",
      "v1.2.3",
      "fr",
      "light",
      "36",
    ],
  ],
  [
    "insert into "matomo" ("idsite", "actions", "country", "region", "city", "operatingsystemname", "devicemodel", "devicebrand", "visitduration", "dayssincefirstvisit", "visitortype", "visitorid", "referrertype", "referrername", "sitename", "userid", "resolution", "serverdateprettyfirstaction", "action_id", "action_type", "action_title", "action_eventcategory", "action_eventaction", "action_eventname", "action_eventvalue", "action_timespent", "action_timestamp", "action_url", "usercustomproperties", "usercustomdimensions", "dimension1", "dimension2", "dimension3", "dimension4", "dimension5", "dimension6", "dimension7", "dimension8", "dimension9", "dimension10") values ($1, $2, $3, $4, $5, $6, $7, $8, $9, $10, $11, $12, $13, $14, $15, $16, $17, $18, $19, $20, $21, $22, $23, $24, $25, $26, $27, $28, $29, $30, $31, $32, $33, $34, $35, $36, $37, $38, $39, $40) on conflict do nothing",
    [
      "42",
      "2",
      "Argentine",
      "Buenos Aires",
      "Buenos Aires",
      "Mac",
      "Générique Bureau",
      "Inconnu",
      "300",
      "23",
      "returningCustomer",
      "visitorId",
      "referrerType",
      "referrerName",
      "tests",
      "24",
      "1920x1080",
      "2021-08-20T21:55:12.000Z",
      "undefined_0",
      "event",
      "Evènement",
      "Ecommerce",
      "Cart change",
      "added - Basic Wetsuit",
      1,
      48,
      "2021-08-20T21:35:18.000Z",
      "https://dive-shop.net/products/basic-wetsuit/",
      {
        "page-author": "Julien",
        "post-age": "-430 days",
      },
      {
        "dimension1": "guest",
        "dimension10": "36",
        "dimension2": "julien",
        "dimension3": "page",
        "dimension4": "indonesia",
        "dimension5": "diving",
        "dimension6": "shop",
        "dimension7": "v1.2.3",
        "dimension8": "fr",
        "dimension9": "light",
      },
      "guest",
      "julien",
      "page",
      "indonesia",
      "diving",
      "shop",
      "v1.2.3",
      "fr",
      "light",
      "36",
    ],
  ],
  [
    "insert into "matomo" ("idsite", "actions", "country", "region", "city", "operatingsystemname", "devicemodel", "devicebrand", "visitduration", "dayssincefirstvisit", "visitortype", "visitorid", "referrertype", "referrername", "sitename", "userid", "resolution", "serverdateprettyfirstaction", "action_id", "action_type", "action_title", "action_timespent", "action_timestamp", "action_url", "usercustomproperties", "usercustomdimensions", "dimension1", "dimension2", "dimension3", "dimension4", "dimension5", "dimension6", "dimension7", "dimension8", "dimension9", "dimension10") values ($1, $2, $3, $4, $5, $6, $7, $8, $9, $10, $11, $12, $13, $14, $15, $16, $17, $18, $19, $20, $21, $22, $23, $24, $25, $26, $27, $28, $29, $30, $31, $32, $33, $34, $35, $36) on conflict do nothing",
    [
      "42",
      "2",
      "Argentine",
      "Buenos Aires",
      "Buenos Aires",
      "Mac",
      "Générique Bureau",
      "Inconnu",
      "300",
      "23",
      "returningCustomer",
      "visitorId",
      "referrerType",
      "referrerName",
      "tests",
      "24",
      "1920x1080",
      "2021-08-20T21:55:12.000Z",
      "undefined_1",
      "action",
      "Divezone Brand Diving Boots - Divezone Store",
      "2",
      "2021-08-20T21:30:25.000Z",
      "https://dive-shop.net/products/diving-boots/",
      {},
      {
        "dimension1": "guest",
        "dimension10": "36",
        "dimension2": "julien",
        "dimension3": "page",
        "dimension4": "indonesia",
        "dimension5": "diving",
        "dimension6": "shop",
        "dimension7": "v1.2.3",
        "dimension8": "fr",
        "dimension9": "light",
      },
      "guest",
      "julien",
      "page",
      "indonesia",
      "diving",
      "shop",
      "v1.2.3",
      "fr",
      "light",
      "36",
    ],
  ],
  [
    "insert into "matomo" ("idsite", "actions", "country", "region", "city", "operatingsystemname", "devicemodel", "devicebrand", "visitduration", "dayssincefirstvisit", "visitortype", "visitorid", "referrertype", "referrername", "sitename", "userid", "resolution", "serverdateprettyfirstaction", "action_id", "action_type", "action_title", "action_timespent", "action_timestamp", "action_url", "sitesearchkeyword", "usercustomproperties", "usercustomdimensions", "dimension1", "dimension2", "dimension3", "dimension4", "dimension5", "dimension6", "dimension7", "dimension8", "dimension9", "dimension10") values ($1, $2, $3, $4, $5, $6, $7, $8, $9, $10, $11, $12, $13, $14, $15, $16, $17, $18, $19, $20, $21, $22, $23, $24, $25, $26, $27, $28, $29, $30, $31, $32, $33, $34, $35, $36, $37) on conflict do nothing",
    [
      "42",
      "2",
      "Argentine",
      "Buenos Aires",
      "Buenos Aires",
      "Mac",
      "Générique Bureau",
      "Inconnu",
      "300",
      "23",
      "returningCustomer",
      "visitorId",
      "referrerType",
      "referrerName",
      "tests",
      "24",
      "1920x1080",
      "2021-08-20T21:55:12.000Z",
      "undefined_2",
      "search",
      "Divezone Brand Diving Boots - Divezone Store",
      "2",
      "2021-08-20T21:30:22.000Z",
      "https://dive-shop.net/products/diving-boots/",
      "scuba",
      {},
      {
        "dimension1": "guest",
        "dimension10": "36",
        "dimension2": "julien",
        "dimension3": "page",
        "dimension4": "indonesia",
        "dimension5": "diving",
        "dimension6": "shop",
        "dimension7": "v1.2.3",
        "dimension8": "fr",
        "dimension9": "light",
      },
      "guest",
      "julien",
      "page",
      "indonesia",
      "diving",
      "shop",
      "v1.2.3",
      "fr",
      "light",
      "36",
    ],
  ],
]
`;
