// Jest Snapshot v1, https://goo.gl/fbAQLP

exports[`run: should create table 1`] = `
Array [
  "CREATE TABLE IF NOT EXISTS matomo
  (
    idsite                      text,
    idvisit                     text,
    actions                     text,
    country                     text,
    region                      text,
    city                        text,
    operatingsystemname         text,
    devicemodel                 text,
    devicebrand                 text,
    visitduration               text,
    dayssincefirstvisit         text,
    visitortype                 text,
    sitename                    text,
    userid                      text,
    serverdateprettyfirstaction date,
    action_id                   text UNIQUE,
    action_type                 text,
    action_eventcategory        text,
    action_eventaction          text,
    action_eventname            text,
    action_eventvalue           decimal,
    action_timespent            text,
    action_timestamp            timestamp with time zone,
    usercustomproperties        json,
    usercustomdimensions        json,
    dimension1                  text,
    dimension2                  text,
    dimension3                  text,
    dimension4                  text,
    dimension5                  text,
    dimension6                  text,
    dimension7                  text,
    dimension8                  text,
    dimension9                  text,
    dimension10                 text,
    action_url                  text,
    sitesearchkeyword           text,
    action_title                text
)",
  Array [],
]
`;
