// Jest Snapshot v1, https://goo.gl/fbAQLP

exports[`run: should fetch the latest 5 days on matomo 1`] = `
[
  {
    "date": "2023-03-29",
    "filter_limit": 10,
    "filter_offset": 0,
    "filter_sort_order": "asc",
    "idSite": "42",
    "method": "Live.getLastVisitsDetails",
    "period": "day",
  },
  {
    "date": "2023-03-30",
    "filter_limit": 10,
    "filter_offset": 0,
    "filter_sort_order": "asc",
    "idSite": "42",
    "method": "Live.getLastVisitsDetails",
    "period": "day",
  },
  {
    "date": "2023-03-31",
    "filter_limit": 10,
    "filter_offset": 0,
    "filter_sort_order": "asc",
    "idSite": "42",
    "method": "Live.getLastVisitsDetails",
    "period": "day",
  },
  {
    "date": "2023-04-01",
    "filter_limit": 10,
    "filter_offset": 0,
    "filter_sort_order": "asc",
    "idSite": "42",
    "method": "Live.getLastVisitsDetails",
    "period": "day",
  },
  {
    "date": "2023-04-02",
    "filter_limit": 10,
    "filter_offset": 0,
    "filter_sort_order": "asc",
    "idSite": "42",
    "method": "Live.getLastVisitsDetails",
    "period": "day",
  },
]
`;

exports[`run: should fetch the latest event date if no date provided 1`] = `
[
  "select count(distinct "idvisit") as "count" from "matomo" where date(timezone('UTC', action_timestamp)) = $1",
  [
    "2023-03-29",
  ],
]
`;

exports[`run: should run SQL queries 1`] = `
[
  [
    "select count(distinct "idvisit") as "count" from "matomo" where date(timezone('UTC', action_timestamp)) = $1",
    [
      "2023-03-29",
    ],
  ],
  [
    "
      SELECT insert_into_matomo_partitioned(
        $1,
        $2,
        $3,
        $4,
        $5,
        $6,
        $7,
        $8,
        $9,
        $10,
        $11,
        $12,
        $13,
        $14,
        $15,
        $16,
        $17,
        $18,
        $19,
        $20,
        $21,
        $22,
        $23,
        $24,
        $25,
        $26,
        $27,
        $28,
        $29,
        $30,
        $31,
        $32,
        $33,
        $34,
        $35,
        $36,
        $37,
        $38,
        $39,
        $40,
        $41,
        $42
      )
    ",
    [
      "123_0",
      2021-08-20T21:35:18.000Z,
      "42",
      123,
      "2",
      "Argentine",
      "Buenos Aires",
      "Buenos Aires",
      "Mac",
      "Générique Bureau",
      "Inconnu",
      "300",
      "23",
      "returningCustomer",
      "tests",
      "24",
      2021-08-20T21:55:12.000Z,
      "event",
      "Ecommerce",
      "Cart change",
      "added - Basic Wetsuit",
      1,
      48,
      {
        "page-author": "Julien",
        "post-age": "-430 days",
      },
      {
        "dimension1": "guest",
        "dimension10": "36",
        "dimension2": "julien",
        "dimension3": "page",
        "dimension4": "indonesia",
        "dimension5": "diving",
        "dimension6": "shop",
        "dimension7": "v1.2.3",
        "dimension8": "fr",
        "dimension9": "light",
      },
      "guest",
      "julien",
      "page",
      "indonesia",
      "diving",
      "shop",
      "v1.2.3",
      "fr",
      "light",
      "36",
      "https://dive-shop.net/products/basic-wetsuit/",
      null,
      "Evènement",
      "visitorId",
      "referrerType",
      "referrerName",
      "1920x1080",
    ],
  ],
  [
    "
      SELECT insert_into_matomo_partitioned(
        $1,
        $2,
        $3,
        $4,
        $5,
        $6,
        $7,
        $8,
        $9,
        $10,
        $11,
        $12,
        $13,
        $14,
        $15,
        $16,
        $17,
        $18,
        $19,
        $20,
        $21,
        $22,
        $23,
        $24,
        $25,
        $26,
        $27,
        $28,
        $29,
        $30,
        $31,
        $32,
        $33,
        $34,
        $35,
        $36,
        $37,
        $38,
        $39,
        $40,
        $41,
        $42
      )
    ",
    [
      "123_1",
      2021-08-20T21:30:25.000Z,
      "42",
      123,
      "2",
      "Argentine",
      "Buenos Aires",
      "Buenos Aires",
      "Mac",
      "Générique Bureau",
      "Inconnu",
      "300",
      "23",
      "returningCustomer",
      "tests",
      "24",
      2021-08-20T21:55:12.000Z,
      "action",
      "",
      "",
      "",
      0,
      "2",
      {},
      {
        "dimension1": "guest",
        "dimension10": "36",
        "dimension2": "julien",
        "dimension3": "page",
        "dimension4": "indonesia",
        "dimension5": "diving",
        "dimension6": "shop",
        "dimension7": "v1.2.3",
        "dimension8": "fr",
        "dimension9": "light",
      },
      "guest",
      "julien",
      "page",
      "indonesia",
      "diving",
      "shop",
      "v1.2.3",
      "fr",
      "light",
      "36",
      "https://dive-shop.net/products/diving-boots/",
      null,
      "Divezone Brand Diving Boots - Divezone Store",
      "visitorId",
      "referrerType",
      "referrerName",
      "1920x1080",
    ],
  ],
  [
    "
      SELECT insert_into_matomo_partitioned(
        $1,
        $2,
        $3,
        $4,
        $5,
        $6,
        $7,
        $8,
        $9,
        $10,
        $11,
        $12,
        $13,
        $14,
        $15,
        $16,
        $17,
        $18,
        $19,
        $20,
        $21,
        $22,
        $23,
        $24,
        $25,
        $26,
        $27,
        $28,
        $29,
        $30,
        $31,
        $32,
        $33,
        $34,
        $35,
        $36,
        $37,
        $38,
        $39,
        $40,
        $41,
        $42
      )
    ",
    [
      "123_2",
      2021-08-20T21:30:22.000Z,
      "42",
      123,
      "2",
      "Argentine",
      "Buenos Aires",
      "Buenos Aires",
      "Mac",
      "Générique Bureau",
      "Inconnu",
      "300",
      "23",
      "returningCustomer",
      "tests",
      "24",
      2021-08-20T21:55:12.000Z,
      "search",
      "",
      "",
      "",
      0,
      "2",
      {},
      {
        "dimension1": "guest",
        "dimension10": "36",
        "dimension2": "julien",
        "dimension3": "page",
        "dimension4": "indonesia",
        "dimension5": "diving",
        "dimension6": "shop",
        "dimension7": "v1.2.3",
        "dimension8": "fr",
        "dimension9": "light",
      },
      "guest",
      "julien",
      "page",
      "indonesia",
      "diving",
      "shop",
      "v1.2.3",
      "fr",
      "light",
      "36",
      "https://dive-shop.net/products/diving-boots/",
      "scuba",
      "Divezone Brand Diving Boots - Divezone Store",
      "visitorId",
      "referrerType",
      "referrerName",
      "1920x1080",
    ],
  ],
  [
    "
      SELECT insert_into_matomo_partitioned(
        $1,
        $2,
        $3,
        $4,
        $5,
        $6,
        $7,
        $8,
        $9,
        $10,
        $11,
        $12,
        $13,
        $14,
        $15,
        $16,
        $17,
        $18,
        $19,
        $20,
        $21,
        $22,
        $23,
        $24,
        $25,
        $26,
        $27,
        $28,
        $29,
        $30,
        $31,
        $32,
        $33,
        $34,
        $35,
        $36,
        $37,
        $38,
        $39,
        $40,
        $41,
        $42
      )
    ",
    [
      "124_0",
      2021-08-20T21:35:18.000Z,
      "42",
      124,
      "2",
      "Argentine",
      "Buenos Aires",
      "Buenos Aires",
      "Mac",
      "Générique Bureau",
      "Inconnu",
      "300",
      "23",
      "returningCustomer",
      "tests",
      "24",
      2021-08-20T21:55:12.000Z,
      "event",
      "Ecommerce",
      "Cart change",
      "added - Basic Wetsuit",
      1,
      48,
      {
        "page-author": "Julien",
        "post-age": "-430 days",
      },
      {
        "dimension1": "guest",
        "dimension10": "36",
        "dimension2": "julien",
        "dimension3": "page",
        "dimension4": "indonesia",
        "dimension5": "diving",
        "dimension6": "shop",
        "dimension7": "v1.2.3",
        "dimension8": "fr",
        "dimension9": "light",
      },
      "guest",
      "julien",
      "page",
      "indonesia",
      "diving",
      "shop",
      "v1.2.3",
      "fr",
      "light",
      "36",
      "https://dive-shop.net/products/basic-wetsuit/",
      null,
      "Evènement",
      "visitorId",
      "referrerType",
      "referrerName",
      "1920x1080",
    ],
  ],
  [
    "
      SELECT insert_into_matomo_partitioned(
        $1,
        $2,
        $3,
        $4,
        $5,
        $6,
        $7,
        $8,
        $9,
        $10,
        $11,
        $12,
        $13,
        $14,
        $15,
        $16,
        $17,
        $18,
        $19,
        $20,
        $21,
        $22,
        $23,
        $24,
        $25,
        $26,
        $27,
        $28,
        $29,
        $30,
        $31,
        $32,
        $33,
        $34,
        $35,
        $36,
        $37,
        $38,
        $39,
        $40,
        $41,
        $42
      )
    ",
    [
      "124_1",
      2021-08-20T21:30:25.000Z,
      "42",
      124,
      "2",
      "Argentine",
      "Buenos Aires",
      "Buenos Aires",
      "Mac",
      "Générique Bureau",
      "Inconnu",
      "300",
      "23",
      "returningCustomer",
      "tests",
      "24",
      2021-08-20T21:55:12.000Z,
      "action",
      "",
      "",
      "",
      0,
      "2",
      {},
      {
        "dimension1": "guest",
        "dimension10": "36",
        "dimension2": "julien",
        "dimension3": "page",
        "dimension4": "indonesia",
        "dimension5": "diving",
        "dimension6": "shop",
        "dimension7": "v1.2.3",
        "dimension8": "fr",
        "dimension9": "light",
      },
      "guest",
      "julien",
      "page",
      "indonesia",
      "diving",
      "shop",
      "v1.2.3",
      "fr",
      "light",
      "36",
      "https://dive-shop.net/products/diving-boots/",
      null,
      "Divezone Brand Diving Boots - Divezone Store",
      "visitorId",
      "referrerType",
      "referrerName",
      "1920x1080",
    ],
  ],
  [
    "
      SELECT insert_into_matomo_partitioned(
        $1,
        $2,
        $3,
        $4,
        $5,
        $6,
        $7,
        $8,
        $9,
        $10,
        $11,
        $12,
        $13,
        $14,
        $15,
        $16,
        $17,
        $18,
        $19,
        $20,
        $21,
        $22,
        $23,
        $24,
        $25,
        $26,
        $27,
        $28,
        $29,
        $30,
        $31,
        $32,
        $33,
        $34,
        $35,
        $36,
        $37,
        $38,
        $39,
        $40,
        $41,
        $42
      )
    ",
    [
      "124_2",
      2021-08-20T21:30:22.000Z,
      "42",
      124,
      "2",
      "Argentine",
      "Buenos Aires",
      "Buenos Aires",
      "Mac",
      "Générique Bureau",
      "Inconnu",
      "300",
      "23",
      "returningCustomer",
      "tests",
      "24",
      2021-08-20T21:55:12.000Z,
      "search",
      "",
      "",
      "",
      0,
      "2",
      {},
      {
        "dimension1": "guest",
        "dimension10": "36",
        "dimension2": "julien",
        "dimension3": "page",
        "dimension4": "indonesia",
        "dimension5": "diving",
        "dimension6": "shop",
        "dimension7": "v1.2.3",
        "dimension8": "fr",
        "dimension9": "light",
      },
      "guest",
      "julien",
      "page",
      "indonesia",
      "diving",
      "shop",
      "v1.2.3",
      "fr",
      "light",
      "36",
      "https://dive-shop.net/products/diving-boots/",
      "scuba",
      "Divezone Brand Diving Boots - Divezone Store",
      "visitorId",
      "referrerType",
      "referrerName",
      "1920x1080",
    ],
  ],
  [
    "select count(distinct "idvisit") as "count" from "matomo" where date(timezone('UTC', action_timestamp)) = $1",
    [
      "2023-03-30",
    ],
  ],
  [
    "
      SELECT insert_into_matomo_partitioned(
        $1,
        $2,
        $3,
        $4,
        $5,
        $6,
        $7,
        $8,
        $9,
        $10,
        $11,
        $12,
        $13,
        $14,
        $15,
        $16,
        $17,
        $18,
        $19,
        $20,
        $21,
        $22,
        $23,
        $24,
        $25,
        $26,
        $27,
        $28,
        $29,
        $30,
        $31,
        $32,
        $33,
        $34,
        $35,
        $36,
        $37,
        $38,
        $39,
        $40,
        $41,
        $42
      )
    ",
    [
      "123_0",
      2021-08-20T21:35:18.000Z,
      "42",
      123,
      "2",
      "Argentine",
      "Buenos Aires",
      "Buenos Aires",
      "Mac",
      "Générique Bureau",
      "Inconnu",
      "300",
      "23",
      "returningCustomer",
      "tests",
      "24",
      2021-08-20T21:55:12.000Z,
      "event",
      "Ecommerce",
      "Cart change",
      "added - Basic Wetsuit",
      1,
      48,
      {
        "page-author": "Julien",
        "post-age": "-430 days",
      },
      {
        "dimension1": "guest",
        "dimension10": "36",
        "dimension2": "julien",
        "dimension3": "page",
        "dimension4": "indonesia",
        "dimension5": "diving",
        "dimension6": "shop",
        "dimension7": "v1.2.3",
        "dimension8": "fr",
        "dimension9": "light",
      },
      "guest",
      "julien",
      "page",
      "indonesia",
      "diving",
      "shop",
      "v1.2.3",
      "fr",
      "light",
      "36",
      "https://dive-shop.net/products/basic-wetsuit/",
      null,
      "Evènement",
      "visitorId",
      "referrerType",
      "referrerName",
      "1920x1080",
    ],
  ],
  [
    "
      SELECT insert_into_matomo_partitioned(
        $1,
        $2,
        $3,
        $4,
        $5,
        $6,
        $7,
        $8,
        $9,
        $10,
        $11,
        $12,
        $13,
        $14,
        $15,
        $16,
        $17,
        $18,
        $19,
        $20,
        $21,
        $22,
        $23,
        $24,
        $25,
        $26,
        $27,
        $28,
        $29,
        $30,
        $31,
        $32,
        $33,
        $34,
        $35,
        $36,
        $37,
        $38,
        $39,
        $40,
        $41,
        $42
      )
    ",
    [
      "123_1",
      2021-08-20T21:30:25.000Z,
      "42",
      123,
      "2",
      "Argentine",
      "Buenos Aires",
      "Buenos Aires",
      "Mac",
      "Générique Bureau",
      "Inconnu",
      "300",
      "23",
      "returningCustomer",
      "tests",
      "24",
      2021-08-20T21:55:12.000Z,
      "action",
      "",
      "",
      "",
      0,
      "2",
      {},
      {
        "dimension1": "guest",
        "dimension10": "36",
        "dimension2": "julien",
        "dimension3": "page",
        "dimension4": "indonesia",
        "dimension5": "diving",
        "dimension6": "shop",
        "dimension7": "v1.2.3",
        "dimension8": "fr",
        "dimension9": "light",
      },
      "guest",
      "julien",
      "page",
      "indonesia",
      "diving",
      "shop",
      "v1.2.3",
      "fr",
      "light",
      "36",
      "https://dive-shop.net/products/diving-boots/",
      null,
      "Divezone Brand Diving Boots - Divezone Store",
      "visitorId",
      "referrerType",
      "referrerName",
      "1920x1080",
    ],
  ],
  [
    "
      SELECT insert_into_matomo_partitioned(
        $1,
        $2,
        $3,
        $4,
        $5,
        $6,
        $7,
        $8,
        $9,
        $10,
        $11,
        $12,
        $13,
        $14,
        $15,
        $16,
        $17,
        $18,
        $19,
        $20,
        $21,
        $22,
        $23,
        $24,
        $25,
        $26,
        $27,
        $28,
        $29,
        $30,
        $31,
        $32,
        $33,
        $34,
        $35,
        $36,
        $37,
        $38,
        $39,
        $40,
        $41,
        $42
      )
    ",
    [
      "123_2",
      2021-08-20T21:30:22.000Z,
      "42",
      123,
      "2",
      "Argentine",
      "Buenos Aires",
      "Buenos Aires",
      "Mac",
      "Générique Bureau",
      "Inconnu",
      "300",
      "23",
      "returningCustomer",
      "tests",
      "24",
      2021-08-20T21:55:12.000Z,
      "search",
      "",
      "",
      "",
      0,
      "2",
      {},
      {
        "dimension1": "guest",
        "dimension10": "36",
        "dimension2": "julien",
        "dimension3": "page",
        "dimension4": "indonesia",
        "dimension5": "diving",
        "dimension6": "shop",
        "dimension7": "v1.2.3",
        "dimension8": "fr",
        "dimension9": "light",
      },
      "guest",
      "julien",
      "page",
      "indonesia",
      "diving",
      "shop",
      "v1.2.3",
      "fr",
      "light",
      "36",
      "https://dive-shop.net/products/diving-boots/",
      "scuba",
      "Divezone Brand Diving Boots - Divezone Store",
      "visitorId",
      "referrerType",
      "referrerName",
      "1920x1080",
    ],
  ],
  [
    "
      SELECT insert_into_matomo_partitioned(
        $1,
        $2,
        $3,
        $4,
        $5,
        $6,
        $7,
        $8,
        $9,
        $10,
        $11,
        $12,
        $13,
        $14,
        $15,
        $16,
        $17,
        $18,
        $19,
        $20,
        $21,
        $22,
        $23,
        $24,
        $25,
        $26,
        $27,
        $28,
        $29,
        $30,
        $31,
        $32,
        $33,
        $34,
        $35,
        $36,
        $37,
        $38,
        $39,
        $40,
        $41,
        $42
      )
    ",
    [
      "124_0",
      2021-08-20T21:35:18.000Z,
      "42",
      124,
      "2",
      "Argentine",
      "Buenos Aires",
      "Buenos Aires",
      "Mac",
      "Générique Bureau",
      "Inconnu",
      "300",
      "23",
      "returningCustomer",
      "tests",
      "24",
      2021-08-20T21:55:12.000Z,
      "event",
      "Ecommerce",
      "Cart change",
      "added - Basic Wetsuit",
      1,
      48,
      {
        "page-author": "Julien",
        "post-age": "-430 days",
      },
      {
        "dimension1": "guest",
        "dimension10": "36",
        "dimension2": "julien",
        "dimension3": "page",
        "dimension4": "indonesia",
        "dimension5": "diving",
        "dimension6": "shop",
        "dimension7": "v1.2.3",
        "dimension8": "fr",
        "dimension9": "light",
      },
      "guest",
      "julien",
      "page",
      "indonesia",
      "diving",
      "shop",
      "v1.2.3",
      "fr",
      "light",
      "36",
      "https://dive-shop.net/products/basic-wetsuit/",
      null,
      "Evènement",
      "visitorId",
      "referrerType",
      "referrerName",
      "1920x1080",
    ],
  ],
  [
    "
      SELECT insert_into_matomo_partitioned(
        $1,
        $2,
        $3,
        $4,
        $5,
        $6,
        $7,
        $8,
        $9,
        $10,
        $11,
        $12,
        $13,
        $14,
        $15,
        $16,
        $17,
        $18,
        $19,
        $20,
        $21,
        $22,
        $23,
        $24,
        $25,
        $26,
        $27,
        $28,
        $29,
        $30,
        $31,
        $32,
        $33,
        $34,
        $35,
        $36,
        $37,
        $38,
        $39,
        $40,
        $41,
        $42
      )
    ",
    [
      "124_1",
      2021-08-20T21:30:25.000Z,
      "42",
      124,
      "2",
      "Argentine",
      "Buenos Aires",
      "Buenos Aires",
      "Mac",
      "Générique Bureau",
      "Inconnu",
      "300",
      "23",
      "returningCustomer",
      "tests",
      "24",
      2021-08-20T21:55:12.000Z,
      "action",
      "",
      "",
      "",
      0,
      "2",
      {},
      {
        "dimension1": "guest",
        "dimension10": "36",
        "dimension2": "julien",
        "dimension3": "page",
        "dimension4": "indonesia",
        "dimension5": "diving",
        "dimension6": "shop",
        "dimension7": "v1.2.3",
        "dimension8": "fr",
        "dimension9": "light",
      },
      "guest",
      "julien",
      "page",
      "indonesia",
      "diving",
      "shop",
      "v1.2.3",
      "fr",
      "light",
      "36",
      "https://dive-shop.net/products/diving-boots/",
      null,
      "Divezone Brand Diving Boots - Divezone Store",
      "visitorId",
      "referrerType",
      "referrerName",
      "1920x1080",
    ],
  ],
  [
    "
      SELECT insert_into_matomo_partitioned(
        $1,
        $2,
        $3,
        $4,
        $5,
        $6,
        $7,
        $8,
        $9,
        $10,
        $11,
        $12,
        $13,
        $14,
        $15,
        $16,
        $17,
        $18,
        $19,
        $20,
        $21,
        $22,
        $23,
        $24,
        $25,
        $26,
        $27,
        $28,
        $29,
        $30,
        $31,
        $32,
        $33,
        $34,
        $35,
        $36,
        $37,
        $38,
        $39,
        $40,
        $41,
        $42
      )
    ",
    [
      "124_2",
      2021-08-20T21:30:22.000Z,
      "42",
      124,
      "2",
      "Argentine",
      "Buenos Aires",
      "Buenos Aires",
      "Mac",
      "Générique Bureau",
      "Inconnu",
      "300",
      "23",
      "returningCustomer",
      "tests",
      "24",
      2021-08-20T21:55:12.000Z,
      "search",
      "",
      "",
      "",
      0,
      "2",
      {},
      {
        "dimension1": "guest",
        "dimension10": "36",
        "dimension2": "julien",
        "dimension3": "page",
        "dimension4": "indonesia",
        "dimension5": "diving",
        "dimension6": "shop",
        "dimension7": "v1.2.3",
        "dimension8": "fr",
        "dimension9": "light",
      },
      "guest",
      "julien",
      "page",
      "indonesia",
      "diving",
      "shop",
      "v1.2.3",
      "fr",
      "light",
      "36",
      "https://dive-shop.net/products/diving-boots/",
      "scuba",
      "Divezone Brand Diving Boots - Divezone Store",
      "visitorId",
      "referrerType",
      "referrerName",
      "1920x1080",
    ],
  ],
  [
    "select count(distinct "idvisit") as "count" from "matomo" where date(timezone('UTC', action_timestamp)) = $1",
    [
      "2023-03-31",
    ],
  ],
  [
    "
      SELECT insert_into_matomo_partitioned(
        $1,
        $2,
        $3,
        $4,
        $5,
        $6,
        $7,
        $8,
        $9,
        $10,
        $11,
        $12,
        $13,
        $14,
        $15,
        $16,
        $17,
        $18,
        $19,
        $20,
        $21,
        $22,
        $23,
        $24,
        $25,
        $26,
        $27,
        $28,
        $29,
        $30,
        $31,
        $32,
        $33,
        $34,
        $35,
        $36,
        $37,
        $38,
        $39,
        $40,
        $41,
        $42
      )
    ",
    [
      "123_0",
      2021-08-20T21:35:18.000Z,
      "42",
      123,
      "2",
      "Argentine",
      "Buenos Aires",
      "Buenos Aires",
      "Mac",
      "Générique Bureau",
      "Inconnu",
      "300",
      "23",
      "returningCustomer",
      "tests",
      "24",
      2021-08-20T21:55:12.000Z,
      "event",
      "Ecommerce",
      "Cart change",
      "added - Basic Wetsuit",
      1,
      48,
      {
        "page-author": "Julien",
        "post-age": "-430 days",
      },
      {
        "dimension1": "guest",
        "dimension10": "36",
        "dimension2": "julien",
        "dimension3": "page",
        "dimension4": "indonesia",
        "dimension5": "diving",
        "dimension6": "shop",
        "dimension7": "v1.2.3",
        "dimension8": "fr",
        "dimension9": "light",
      },
      "guest",
      "julien",
      "page",
      "indonesia",
      "diving",
      "shop",
      "v1.2.3",
      "fr",
      "light",
      "36",
      "https://dive-shop.net/products/basic-wetsuit/",
      null,
      "Evènement",
      "visitorId",
      "referrerType",
      "referrerName",
      "1920x1080",
    ],
  ],
  [
    "
      SELECT insert_into_matomo_partitioned(
        $1,
        $2,
        $3,
        $4,
        $5,
        $6,
        $7,
        $8,
        $9,
        $10,
        $11,
        $12,
        $13,
        $14,
        $15,
        $16,
        $17,
        $18,
        $19,
        $20,
        $21,
        $22,
        $23,
        $24,
        $25,
        $26,
        $27,
        $28,
        $29,
        $30,
        $31,
        $32,
        $33,
        $34,
        $35,
        $36,
        $37,
        $38,
        $39,
        $40,
        $41,
        $42
      )
    ",
    [
      "123_1",
      2021-08-20T21:30:25.000Z,
      "42",
      123,
      "2",
      "Argentine",
      "Buenos Aires",
      "Buenos Aires",
      "Mac",
      "Générique Bureau",
      "Inconnu",
      "300",
      "23",
      "returningCustomer",
      "tests",
      "24",
      2021-08-20T21:55:12.000Z,
      "action",
      "",
      "",
      "",
      0,
      "2",
      {},
      {
        "dimension1": "guest",
        "dimension10": "36",
        "dimension2": "julien",
        "dimension3": "page",
        "dimension4": "indonesia",
        "dimension5": "diving",
        "dimension6": "shop",
        "dimension7": "v1.2.3",
        "dimension8": "fr",
        "dimension9": "light",
      },
      "guest",
      "julien",
      "page",
      "indonesia",
      "diving",
      "shop",
      "v1.2.3",
      "fr",
      "light",
      "36",
      "https://dive-shop.net/products/diving-boots/",
      null,
      "Divezone Brand Diving Boots - Divezone Store",
      "visitorId",
      "referrerType",
      "referrerName",
      "1920x1080",
    ],
  ],
  [
    "
      SELECT insert_into_matomo_partitioned(
        $1,
        $2,
        $3,
        $4,
        $5,
        $6,
        $7,
        $8,
        $9,
        $10,
        $11,
        $12,
        $13,
        $14,
        $15,
        $16,
        $17,
        $18,
        $19,
        $20,
        $21,
        $22,
        $23,
        $24,
        $25,
        $26,
        $27,
        $28,
        $29,
        $30,
        $31,
        $32,
        $33,
        $34,
        $35,
        $36,
        $37,
        $38,
        $39,
        $40,
        $41,
        $42
      )
    ",
    [
      "123_2",
      2021-08-20T21:30:22.000Z,
      "42",
      123,
      "2",
      "Argentine",
      "Buenos Aires",
      "Buenos Aires",
      "Mac",
      "Générique Bureau",
      "Inconnu",
      "300",
      "23",
      "returningCustomer",
      "tests",
      "24",
      2021-08-20T21:55:12.000Z,
      "search",
      "",
      "",
      "",
      0,
      "2",
      {},
      {
        "dimension1": "guest",
        "dimension10": "36",
        "dimension2": "julien",
        "dimension3": "page",
        "dimension4": "indonesia",
        "dimension5": "diving",
        "dimension6": "shop",
        "dimension7": "v1.2.3",
        "dimension8": "fr",
        "dimension9": "light",
      },
      "guest",
      "julien",
      "page",
      "indonesia",
      "diving",
      "shop",
      "v1.2.3",
      "fr",
      "light",
      "36",
      "https://dive-shop.net/products/diving-boots/",
      "scuba",
      "Divezone Brand Diving Boots - Divezone Store",
      "visitorId",
      "referrerType",
      "referrerName",
      "1920x1080",
    ],
  ],
  [
    "
      SELECT insert_into_matomo_partitioned(
        $1,
        $2,
        $3,
        $4,
        $5,
        $6,
        $7,
        $8,
        $9,
        $10,
        $11,
        $12,
        $13,
        $14,
        $15,
        $16,
        $17,
        $18,
        $19,
        $20,
        $21,
        $22,
        $23,
        $24,
        $25,
        $26,
        $27,
        $28,
        $29,
        $30,
        $31,
        $32,
        $33,
        $34,
        $35,
        $36,
        $37,
        $38,
        $39,
        $40,
        $41,
        $42
      )
    ",
    [
      "124_0",
      2021-08-20T21:35:18.000Z,
      "42",
      124,
      "2",
      "Argentine",
      "Buenos Aires",
      "Buenos Aires",
      "Mac",
      "Générique Bureau",
      "Inconnu",
      "300",
      "23",
      "returningCustomer",
      "tests",
      "24",
      2021-08-20T21:55:12.000Z,
      "event",
      "Ecommerce",
      "Cart change",
      "added - Basic Wetsuit",
      1,
      48,
      {
        "page-author": "Julien",
        "post-age": "-430 days",
      },
      {
        "dimension1": "guest",
        "dimension10": "36",
        "dimension2": "julien",
        "dimension3": "page",
        "dimension4": "indonesia",
        "dimension5": "diving",
        "dimension6": "shop",
        "dimension7": "v1.2.3",
        "dimension8": "fr",
        "dimension9": "light",
      },
      "guest",
      "julien",
      "page",
      "indonesia",
      "diving",
      "shop",
      "v1.2.3",
      "fr",
      "light",
      "36",
      "https://dive-shop.net/products/basic-wetsuit/",
      null,
      "Evènement",
      "visitorId",
      "referrerType",
      "referrerName",
      "1920x1080",
    ],
  ],
  [
    "
      SELECT insert_into_matomo_partitioned(
        $1,
        $2,
        $3,
        $4,
        $5,
        $6,
        $7,
        $8,
        $9,
        $10,
        $11,
        $12,
        $13,
        $14,
        $15,
        $16,
        $17,
        $18,
        $19,
        $20,
        $21,
        $22,
        $23,
        $24,
        $25,
        $26,
        $27,
        $28,
        $29,
        $30,
        $31,
        $32,
        $33,
        $34,
        $35,
        $36,
        $37,
        $38,
        $39,
        $40,
        $41,
        $42
      )
    ",
    [
      "124_1",
      2021-08-20T21:30:25.000Z,
      "42",
      124,
      "2",
      "Argentine",
      "Buenos Aires",
      "Buenos Aires",
      "Mac",
      "Générique Bureau",
      "Inconnu",
      "300",
      "23",
      "returningCustomer",
      "tests",
      "24",
      2021-08-20T21:55:12.000Z,
      "action",
      "",
      "",
      "",
      0,
      "2",
      {},
      {
        "dimension1": "guest",
        "dimension10": "36",
        "dimension2": "julien",
        "dimension3": "page",
        "dimension4": "indonesia",
        "dimension5": "diving",
        "dimension6": "shop",
        "dimension7": "v1.2.3",
        "dimension8": "fr",
        "dimension9": "light",
      },
      "guest",
      "julien",
      "page",
      "indonesia",
      "diving",
      "shop",
      "v1.2.3",
      "fr",
      "light",
      "36",
      "https://dive-shop.net/products/diving-boots/",
      null,
      "Divezone Brand Diving Boots - Divezone Store",
      "visitorId",
      "referrerType",
      "referrerName",
      "1920x1080",
    ],
  ],
  [
    "
      SELECT insert_into_matomo_partitioned(
        $1,
        $2,
        $3,
        $4,
        $5,
        $6,
        $7,
        $8,
        $9,
        $10,
        $11,
        $12,
        $13,
        $14,
        $15,
        $16,
        $17,
        $18,
        $19,
        $20,
        $21,
        $22,
        $23,
        $24,
        $25,
        $26,
        $27,
        $28,
        $29,
        $30,
        $31,
        $32,
        $33,
        $34,
        $35,
        $36,
        $37,
        $38,
        $39,
        $40,
        $41,
        $42
      )
    ",
    [
      "124_2",
      2021-08-20T21:30:22.000Z,
      "42",
      124,
      "2",
      "Argentine",
      "Buenos Aires",
      "Buenos Aires",
      "Mac",
      "Générique Bureau",
      "Inconnu",
      "300",
      "23",
      "returningCustomer",
      "tests",
      "24",
      2021-08-20T21:55:12.000Z,
      "search",
      "",
      "",
      "",
      0,
      "2",
      {},
      {
        "dimension1": "guest",
        "dimension10": "36",
        "dimension2": "julien",
        "dimension3": "page",
        "dimension4": "indonesia",
        "dimension5": "diving",
        "dimension6": "shop",
        "dimension7": "v1.2.3",
        "dimension8": "fr",
        "dimension9": "light",
      },
      "guest",
      "julien",
      "page",
      "indonesia",
      "diving",
      "shop",
      "v1.2.3",
      "fr",
      "light",
      "36",
      "https://dive-shop.net/products/diving-boots/",
      "scuba",
      "Divezone Brand Diving Boots - Divezone Store",
      "visitorId",
      "referrerType",
      "referrerName",
      "1920x1080",
    ],
  ],
  [
    "select count(distinct "idvisit") as "count" from "matomo" where date(timezone('UTC', action_timestamp)) = $1",
    [
      "2023-04-01",
    ],
  ],
  [
    "
      SELECT insert_into_matomo_partitioned(
        $1,
        $2,
        $3,
        $4,
        $5,
        $6,
        $7,
        $8,
        $9,
        $10,
        $11,
        $12,
        $13,
        $14,
        $15,
        $16,
        $17,
        $18,
        $19,
        $20,
        $21,
        $22,
        $23,
        $24,
        $25,
        $26,
        $27,
        $28,
        $29,
        $30,
        $31,
        $32,
        $33,
        $34,
        $35,
        $36,
        $37,
        $38,
        $39,
        $40,
        $41,
        $42
      )
    ",
    [
      "123_0",
      2021-08-20T21:35:18.000Z,
      "42",
      123,
      "2",
      "Argentine",
      "Buenos Aires",
      "Buenos Aires",
      "Mac",
      "Générique Bureau",
      "Inconnu",
      "300",
      "23",
      "returningCustomer",
      "tests",
      "24",
      2021-08-20T21:55:12.000Z,
      "event",
      "Ecommerce",
      "Cart change",
      "added - Basic Wetsuit",
      1,
      48,
      {
        "page-author": "Julien",
        "post-age": "-430 days",
      },
      {
        "dimension1": "guest",
        "dimension10": "36",
        "dimension2": "julien",
        "dimension3": "page",
        "dimension4": "indonesia",
        "dimension5": "diving",
        "dimension6": "shop",
        "dimension7": "v1.2.3",
        "dimension8": "fr",
        "dimension9": "light",
      },
      "guest",
      "julien",
      "page",
      "indonesia",
      "diving",
      "shop",
      "v1.2.3",
      "fr",
      "light",
      "36",
      "https://dive-shop.net/products/basic-wetsuit/",
      null,
      "Evènement",
      "visitorId",
      "referrerType",
      "referrerName",
      "1920x1080",
    ],
  ],
  [
    "
      SELECT insert_into_matomo_partitioned(
        $1,
        $2,
        $3,
        $4,
        $5,
        $6,
        $7,
        $8,
        $9,
        $10,
        $11,
        $12,
        $13,
        $14,
        $15,
        $16,
        $17,
        $18,
        $19,
        $20,
        $21,
        $22,
        $23,
        $24,
        $25,
        $26,
        $27,
        $28,
        $29,
        $30,
        $31,
        $32,
        $33,
        $34,
        $35,
        $36,
        $37,
        $38,
        $39,
        $40,
        $41,
        $42
      )
    ",
    [
      "123_1",
      2021-08-20T21:30:25.000Z,
      "42",
      123,
      "2",
      "Argentine",
      "Buenos Aires",
      "Buenos Aires",
      "Mac",
      "Générique Bureau",
      "Inconnu",
      "300",
      "23",
      "returningCustomer",
      "tests",
      "24",
      2021-08-20T21:55:12.000Z,
      "action",
      "",
      "",
      "",
      0,
      "2",
      {},
      {
        "dimension1": "guest",
        "dimension10": "36",
        "dimension2": "julien",
        "dimension3": "page",
        "dimension4": "indonesia",
        "dimension5": "diving",
        "dimension6": "shop",
        "dimension7": "v1.2.3",
        "dimension8": "fr",
        "dimension9": "light",
      },
      "guest",
      "julien",
      "page",
      "indonesia",
      "diving",
      "shop",
      "v1.2.3",
      "fr",
      "light",
      "36",
      "https://dive-shop.net/products/diving-boots/",
      null,
      "Divezone Brand Diving Boots - Divezone Store",
      "visitorId",
      "referrerType",
      "referrerName",
      "1920x1080",
    ],
  ],
  [
    "
      SELECT insert_into_matomo_partitioned(
        $1,
        $2,
        $3,
        $4,
        $5,
        $6,
        $7,
        $8,
        $9,
        $10,
        $11,
        $12,
        $13,
        $14,
        $15,
        $16,
        $17,
        $18,
        $19,
        $20,
        $21,
        $22,
        $23,
        $24,
        $25,
        $26,
        $27,
        $28,
        $29,
        $30,
        $31,
        $32,
        $33,
        $34,
        $35,
        $36,
        $37,
        $38,
        $39,
        $40,
        $41,
        $42
      )
    ",
    [
      "123_2",
      2021-08-20T21:30:22.000Z,
      "42",
      123,
      "2",
      "Argentine",
      "Buenos Aires",
      "Buenos Aires",
      "Mac",
      "Générique Bureau",
      "Inconnu",
      "300",
      "23",
      "returningCustomer",
      "tests",
      "24",
      2021-08-20T21:55:12.000Z,
      "search",
      "",
      "",
      "",
      0,
      "2",
      {},
      {
        "dimension1": "guest",
        "dimension10": "36",
        "dimension2": "julien",
        "dimension3": "page",
        "dimension4": "indonesia",
        "dimension5": "diving",
        "dimension6": "shop",
        "dimension7": "v1.2.3",
        "dimension8": "fr",
        "dimension9": "light",
      },
      "guest",
      "julien",
      "page",
      "indonesia",
      "diving",
      "shop",
      "v1.2.3",
      "fr",
      "light",
      "36",
      "https://dive-shop.net/products/diving-boots/",
      "scuba",
      "Divezone Brand Diving Boots - Divezone Store",
      "visitorId",
      "referrerType",
      "referrerName",
      "1920x1080",
    ],
  ],
  [
    "
      SELECT insert_into_matomo_partitioned(
        $1,
        $2,
        $3,
        $4,
        $5,
        $6,
        $7,
        $8,
        $9,
        $10,
        $11,
        $12,
        $13,
        $14,
        $15,
        $16,
        $17,
        $18,
        $19,
        $20,
        $21,
        $22,
        $23,
        $24,
        $25,
        $26,
        $27,
        $28,
        $29,
        $30,
        $31,
        $32,
        $33,
        $34,
        $35,
        $36,
        $37,
        $38,
        $39,
        $40,
        $41,
        $42
      )
    ",
    [
      "124_0",
      2021-08-20T21:35:18.000Z,
      "42",
      124,
      "2",
      "Argentine",
      "Buenos Aires",
      "Buenos Aires",
      "Mac",
      "Générique Bureau",
      "Inconnu",
      "300",
      "23",
      "returningCustomer",
      "tests",
      "24",
      2021-08-20T21:55:12.000Z,
      "event",
      "Ecommerce",
      "Cart change",
      "added - Basic Wetsuit",
      1,
      48,
      {
        "page-author": "Julien",
        "post-age": "-430 days",
      },
      {
        "dimension1": "guest",
        "dimension10": "36",
        "dimension2": "julien",
        "dimension3": "page",
        "dimension4": "indonesia",
        "dimension5": "diving",
        "dimension6": "shop",
        "dimension7": "v1.2.3",
        "dimension8": "fr",
        "dimension9": "light",
      },
      "guest",
      "julien",
      "page",
      "indonesia",
      "diving",
      "shop",
      "v1.2.3",
      "fr",
      "light",
      "36",
      "https://dive-shop.net/products/basic-wetsuit/",
      null,
      "Evènement",
      "visitorId",
      "referrerType",
      "referrerName",
      "1920x1080",
    ],
  ],
  [
    "
      SELECT insert_into_matomo_partitioned(
        $1,
        $2,
        $3,
        $4,
        $5,
        $6,
        $7,
        $8,
        $9,
        $10,
        $11,
        $12,
        $13,
        $14,
        $15,
        $16,
        $17,
        $18,
        $19,
        $20,
        $21,
        $22,
        $23,
        $24,
        $25,
        $26,
        $27,
        $28,
        $29,
        $30,
        $31,
        $32,
        $33,
        $34,
        $35,
        $36,
        $37,
        $38,
        $39,
        $40,
        $41,
        $42
      )
    ",
    [
      "124_1",
      2021-08-20T21:30:25.000Z,
      "42",
      124,
      "2",
      "Argentine",
      "Buenos Aires",
      "Buenos Aires",
      "Mac",
      "Générique Bureau",
      "Inconnu",
      "300",
      "23",
      "returningCustomer",
      "tests",
      "24",
      2021-08-20T21:55:12.000Z,
      "action",
      "",
      "",
      "",
      0,
      "2",
      {},
      {
        "dimension1": "guest",
        "dimension10": "36",
        "dimension2": "julien",
        "dimension3": "page",
        "dimension4": "indonesia",
        "dimension5": "diving",
        "dimension6": "shop",
        "dimension7": "v1.2.3",
        "dimension8": "fr",
        "dimension9": "light",
      },
      "guest",
      "julien",
      "page",
      "indonesia",
      "diving",
      "shop",
      "v1.2.3",
      "fr",
      "light",
      "36",
      "https://dive-shop.net/products/diving-boots/",
      null,
      "Divezone Brand Diving Boots - Divezone Store",
      "visitorId",
      "referrerType",
      "referrerName",
      "1920x1080",
    ],
  ],
  [
    "
      SELECT insert_into_matomo_partitioned(
        $1,
        $2,
        $3,
        $4,
        $5,
        $6,
        $7,
        $8,
        $9,
        $10,
        $11,
        $12,
        $13,
        $14,
        $15,
        $16,
        $17,
        $18,
        $19,
        $20,
        $21,
        $22,
        $23,
        $24,
        $25,
        $26,
        $27,
        $28,
        $29,
        $30,
        $31,
        $32,
        $33,
        $34,
        $35,
        $36,
        $37,
        $38,
        $39,
        $40,
        $41,
        $42
      )
    ",
    [
      "124_2",
      2021-08-20T21:30:22.000Z,
      "42",
      124,
      "2",
      "Argentine",
      "Buenos Aires",
      "Buenos Aires",
      "Mac",
      "Générique Bureau",
      "Inconnu",
      "300",
      "23",
      "returningCustomer",
      "tests",
      "24",
      2021-08-20T21:55:12.000Z,
      "search",
      "",
      "",
      "",
      0,
      "2",
      {},
      {
        "dimension1": "guest",
        "dimension10": "36",
        "dimension2": "julien",
        "dimension3": "page",
        "dimension4": "indonesia",
        "dimension5": "diving",
        "dimension6": "shop",
        "dimension7": "v1.2.3",
        "dimension8": "fr",
        "dimension9": "light",
      },
      "guest",
      "julien",
      "page",
      "indonesia",
      "diving",
      "shop",
      "v1.2.3",
      "fr",
      "light",
      "36",
      "https://dive-shop.net/products/diving-boots/",
      "scuba",
      "Divezone Brand Diving Boots - Divezone Store",
      "visitorId",
      "referrerType",
      "referrerName",
      "1920x1080",
    ],
  ],
  [
    "select count(distinct "idvisit") as "count" from "matomo" where date(timezone('UTC', action_timestamp)) = $1",
    [
      "2023-04-02",
    ],
  ],
  [
    "
      SELECT insert_into_matomo_partitioned(
        $1,
        $2,
        $3,
        $4,
        $5,
        $6,
        $7,
        $8,
        $9,
        $10,
        $11,
        $12,
        $13,
        $14,
        $15,
        $16,
        $17,
        $18,
        $19,
        $20,
        $21,
        $22,
        $23,
        $24,
        $25,
        $26,
        $27,
        $28,
        $29,
        $30,
        $31,
        $32,
        $33,
        $34,
        $35,
        $36,
        $37,
        $38,
        $39,
        $40,
        $41,
        $42
      )
    ",
    [
      "123_0",
      2021-08-20T21:35:18.000Z,
      "42",
      123,
      "2",
      "Argentine",
      "Buenos Aires",
      "Buenos Aires",
      "Mac",
      "Générique Bureau",
      "Inconnu",
      "300",
      "23",
      "returningCustomer",
      "tests",
      "24",
      2021-08-20T21:55:12.000Z,
      "event",
      "Ecommerce",
      "Cart change",
      "added - Basic Wetsuit",
      1,
      48,
      {
        "page-author": "Julien",
        "post-age": "-430 days",
      },
      {
        "dimension1": "guest",
        "dimension10": "36",
        "dimension2": "julien",
        "dimension3": "page",
        "dimension4": "indonesia",
        "dimension5": "diving",
        "dimension6": "shop",
        "dimension7": "v1.2.3",
        "dimension8": "fr",
        "dimension9": "light",
      },
      "guest",
      "julien",
      "page",
      "indonesia",
      "diving",
      "shop",
      "v1.2.3",
      "fr",
      "light",
      "36",
      "https://dive-shop.net/products/basic-wetsuit/",
      null,
      "Evènement",
      "visitorId",
      "referrerType",
      "referrerName",
      "1920x1080",
    ],
  ],
  [
    "
      SELECT insert_into_matomo_partitioned(
        $1,
        $2,
        $3,
        $4,
        $5,
        $6,
        $7,
        $8,
        $9,
        $10,
        $11,
        $12,
        $13,
        $14,
        $15,
        $16,
        $17,
        $18,
        $19,
        $20,
        $21,
        $22,
        $23,
        $24,
        $25,
        $26,
        $27,
        $28,
        $29,
        $30,
        $31,
        $32,
        $33,
        $34,
        $35,
        $36,
        $37,
        $38,
        $39,
        $40,
        $41,
        $42
      )
    ",
    [
      "123_1",
      2021-08-20T21:30:25.000Z,
      "42",
      123,
      "2",
      "Argentine",
      "Buenos Aires",
      "Buenos Aires",
      "Mac",
      "Générique Bureau",
      "Inconnu",
      "300",
      "23",
      "returningCustomer",
      "tests",
      "24",
      2021-08-20T21:55:12.000Z,
      "action",
      "",
      "",
      "",
      0,
      "2",
      {},
      {
        "dimension1": "guest",
        "dimension10": "36",
        "dimension2": "julien",
        "dimension3": "page",
        "dimension4": "indonesia",
        "dimension5": "diving",
        "dimension6": "shop",
        "dimension7": "v1.2.3",
        "dimension8": "fr",
        "dimension9": "light",
      },
      "guest",
      "julien",
      "page",
      "indonesia",
      "diving",
      "shop",
      "v1.2.3",
      "fr",
      "light",
      "36",
      "https://dive-shop.net/products/diving-boots/",
      null,
      "Divezone Brand Diving Boots - Divezone Store",
      "visitorId",
      "referrerType",
      "referrerName",
      "1920x1080",
    ],
  ],
  [
    "
      SELECT insert_into_matomo_partitioned(
        $1,
        $2,
        $3,
        $4,
        $5,
        $6,
        $7,
        $8,
        $9,
        $10,
        $11,
        $12,
        $13,
        $14,
        $15,
        $16,
        $17,
        $18,
        $19,
        $20,
        $21,
        $22,
        $23,
        $24,
        $25,
        $26,
        $27,
        $28,
        $29,
        $30,
        $31,
        $32,
        $33,
        $34,
        $35,
        $36,
        $37,
        $38,
        $39,
        $40,
        $41,
        $42
      )
    ",
    [
      "123_2",
      2021-08-20T21:30:22.000Z,
      "42",
      123,
      "2",
      "Argentine",
      "Buenos Aires",
      "Buenos Aires",
      "Mac",
      "Générique Bureau",
      "Inconnu",
      "300",
      "23",
      "returningCustomer",
      "tests",
      "24",
      2021-08-20T21:55:12.000Z,
      "search",
      "",
      "",
      "",
      0,
      "2",
      {},
      {
        "dimension1": "guest",
        "dimension10": "36",
        "dimension2": "julien",
        "dimension3": "page",
        "dimension4": "indonesia",
        "dimension5": "diving",
        "dimension6": "shop",
        "dimension7": "v1.2.3",
        "dimension8": "fr",
        "dimension9": "light",
      },
      "guest",
      "julien",
      "page",
      "indonesia",
      "diving",
      "shop",
      "v1.2.3",
      "fr",
      "light",
      "36",
      "https://dive-shop.net/products/diving-boots/",
      "scuba",
      "Divezone Brand Diving Boots - Divezone Store",
      "visitorId",
      "referrerType",
      "referrerName",
      "1920x1080",
    ],
  ],
  [
    "
      SELECT insert_into_matomo_partitioned(
        $1,
        $2,
        $3,
        $4,
        $5,
        $6,
        $7,
        $8,
        $9,
        $10,
        $11,
        $12,
        $13,
        $14,
        $15,
        $16,
        $17,
        $18,
        $19,
        $20,
        $21,
        $22,
        $23,
        $24,
        $25,
        $26,
        $27,
        $28,
        $29,
        $30,
        $31,
        $32,
        $33,
        $34,
        $35,
        $36,
        $37,
        $38,
        $39,
        $40,
        $41,
        $42
      )
    ",
    [
      "124_0",
      2021-08-20T21:35:18.000Z,
      "42",
      124,
      "2",
      "Argentine",
      "Buenos Aires",
      "Buenos Aires",
      "Mac",
      "Générique Bureau",
      "Inconnu",
      "300",
      "23",
      "returningCustomer",
      "tests",
      "24",
      2021-08-20T21:55:12.000Z,
      "event",
      "Ecommerce",
      "Cart change",
      "added - Basic Wetsuit",
      1,
      48,
      {
        "page-author": "Julien",
        "post-age": "-430 days",
      },
      {
        "dimension1": "guest",
        "dimension10": "36",
        "dimension2": "julien",
        "dimension3": "page",
        "dimension4": "indonesia",
        "dimension5": "diving",
        "dimension6": "shop",
        "dimension7": "v1.2.3",
        "dimension8": "fr",
        "dimension9": "light",
      },
      "guest",
      "julien",
      "page",
      "indonesia",
      "diving",
      "shop",
      "v1.2.3",
      "fr",
      "light",
      "36",
      "https://dive-shop.net/products/basic-wetsuit/",
      null,
      "Evènement",
      "visitorId",
      "referrerType",
      "referrerName",
      "1920x1080",
    ],
  ],
  [
    "
      SELECT insert_into_matomo_partitioned(
        $1,
        $2,
        $3,
        $4,
        $5,
        $6,
        $7,
        $8,
        $9,
        $10,
        $11,
        $12,
        $13,
        $14,
        $15,
        $16,
        $17,
        $18,
        $19,
        $20,
        $21,
        $22,
        $23,
        $24,
        $25,
        $26,
        $27,
        $28,
        $29,
        $30,
        $31,
        $32,
        $33,
        $34,
        $35,
        $36,
        $37,
        $38,
        $39,
        $40,
        $41,
        $42
      )
    ",
    [
      "124_1",
      2021-08-20T21:30:25.000Z,
      "42",
      124,
      "2",
      "Argentine",
      "Buenos Aires",
      "Buenos Aires",
      "Mac",
      "Générique Bureau",
      "Inconnu",
      "300",
      "23",
      "returningCustomer",
      "tests",
      "24",
      2021-08-20T21:55:12.000Z,
      "action",
      "",
      "",
      "",
      0,
      "2",
      {},
      {
        "dimension1": "guest",
        "dimension10": "36",
        "dimension2": "julien",
        "dimension3": "page",
        "dimension4": "indonesia",
        "dimension5": "diving",
        "dimension6": "shop",
        "dimension7": "v1.2.3",
        "dimension8": "fr",
        "dimension9": "light",
      },
      "guest",
      "julien",
      "page",
      "indonesia",
      "diving",
      "shop",
      "v1.2.3",
      "fr",
      "light",
      "36",
      "https://dive-shop.net/products/diving-boots/",
      null,
      "Divezone Brand Diving Boots - Divezone Store",
      "visitorId",
      "referrerType",
      "referrerName",
      "1920x1080",
    ],
  ],
  [
    "
      SELECT insert_into_matomo_partitioned(
        $1,
        $2,
        $3,
        $4,
        $5,
        $6,
        $7,
        $8,
        $9,
        $10,
        $11,
        $12,
        $13,
        $14,
        $15,
        $16,
        $17,
        $18,
        $19,
        $20,
        $21,
        $22,
        $23,
        $24,
        $25,
        $26,
        $27,
        $28,
        $29,
        $30,
        $31,
        $32,
        $33,
        $34,
        $35,
        $36,
        $37,
        $38,
        $39,
        $40,
        $41,
        $42
      )
    ",
    [
      "124_2",
      2021-08-20T21:30:22.000Z,
      "42",
      124,
      "2",
      "Argentine",
      "Buenos Aires",
      "Buenos Aires",
      "Mac",
      "Générique Bureau",
      "Inconnu",
      "300",
      "23",
      "returningCustomer",
      "tests",
      "24",
      2021-08-20T21:55:12.000Z,
      "search",
      "",
      "",
      "",
      0,
      "2",
      {},
      {
        "dimension1": "guest",
        "dimension10": "36",
        "dimension2": "julien",
        "dimension3": "page",
        "dimension4": "indonesia",
        "dimension5": "diving",
        "dimension6": "shop",
        "dimension7": "v1.2.3",
        "dimension8": "fr",
        "dimension9": "light",
      },
      "guest",
      "julien",
      "page",
      "indonesia",
      "diving",
      "shop",
      "v1.2.3",
      "fr",
      "light",
      "36",
      "https://dive-shop.net/products/diving-boots/",
      "scuba",
      "Divezone Brand Diving Boots - Divezone Store",
      "visitorId",
      "referrerType",
      "referrerName",
      "1920x1080",
    ],
  ],
]
`;
